
[2026-06-04T01:07:01+03:00] START cron-dashboard-updater: /usr/bin/python3 /root/.openclaw/workspace/scripts/cron-dashboard-updater.py
[2026-06-04T01:07:01.388791+03:00] Starting Cron Dashboard Update...
Discovered 54 crons (21 system, 33 openclaw)

Update Summary:
  Created: 0
  Updated: 54

Summary saved to /root/.openclaw/workspace/logs/cron-dashboard-summary.json
[2026-06-04T01:08:20+03:00] END cron-dashboard-updater: rc=0 duration=79s

[2026-06-04T02:07:01+03:00] START cron-dashboard-updater: /usr/bin/python3 /root/.openclaw/workspace/scripts/cron-dashboard-updater.py
[2026-06-04T02:07:02.158192+03:00] Starting Cron Dashboard Update...
Discovered 54 crons (21 system, 33 openclaw)

Update Summary:
  Created: 0
  Updated: 54

Summary saved to /root/.openclaw/workspace/logs/cron-dashboard-summary.json
[2026-06-04T02:08:09+03:00] END cron-dashboard-updater: rc=0 duration=68s

[2026-06-04T03:07:01+03:00] START cron-dashboard-updater: /usr/bin/python3 /root/.openclaw/workspace/scripts/cron-dashboard-updater.py
[2026-06-04T03:07:01.304513+03:00] Starting Cron Dashboard Update...
Discovered 54 crons (21 system, 33 openclaw)

Update Summary:
  Created: 0
  Updated: 54

Summary saved to /root/.openclaw/workspace/logs/cron-dashboard-summary.json
[2026-06-04T03:08:26+03:00] END cron-dashboard-updater: rc=0 duration=85s

[2026-06-04T04:07:02+03:00] START cron-dashboard-updater: /usr/bin/python3 /root/.openclaw/workspace/scripts/cron-dashboard-updater.py
[2026-06-04T04:07:02.137847+03:00] Starting Cron Dashboard Update...
Discovered 54 crons (21 system, 33 openclaw)

Update Summary:
  Created: 0
  Updated: 54

Summary saved to /root/.openclaw/workspace/logs/cron-dashboard-summary.json
[2026-06-04T04:08:44+03:00] END cron-dashboard-updater: rc=0 duration=102s

[2026-06-04T05:07:01+03:00] START cron-dashboard-updater: /usr/bin/python3 /root/.openclaw/workspace/scripts/cron-dashboard-updater.py
[2026-06-04T05:07:01.640029+03:00] Starting Cron Dashboard Update...
Discovered 54 crons (21 system, 33 openclaw)

Update Summary:
  Created: 0
  Updated: 54

Summary saved to /root/.openclaw/workspace/logs/cron-dashboard-summary.json
[2026-06-04T05:08:23+03:00] END cron-dashboard-updater: rc=0 duration=82s

[2026-06-04T06:07:01+03:00] START cron-dashboard-updater: /usr/bin/python3 /root/.openclaw/workspace/scripts/cron-dashboard-updater.py
[2026-06-04T06:07:01.625426+03:00] Starting Cron Dashboard Update...
Discovered 54 crons (21 system, 33 openclaw)

Update Summary:
  Created: 0
  Updated: 54

Summary saved to /root/.openclaw/workspace/logs/cron-dashboard-summary.json
[2026-06-04T06:08:10+03:00] END cron-dashboard-updater: rc=0 duration=69s
