
[2026-07-03T02:00:02+03:00] START cron-watchdog-v3: /bin/bash /root/.openclaw/workspace/scripts/cron-watchdog-v3.sh
🔍 Watchdog v3 - Detect → Fix → Report
✅ Gateway running (PID: 2438248)
🟡 Disk WARNING: 80%
✅ active-tasks.md fresh (42h)
🟡 Jobs data stale (89h) - re-running pipeline...
  Pipeline triggered in background
✅ SIE 360 data fresh (0h)
✅ Pipeline lock active (0m, still valid)
✅ All crons OK
✅ No pipeline failures today
✅ RAM OK: 32%

═══════════════════════════════════
📊 Watchdog v3 Summary
  Fixes applied: 1
  Warnings: 1
  Alerts (need human): 0
═══════════════════════════════════

📋 Actions taken:
🔄 Jobs data was 89h stale → pipeline re-triggered

[2026-07-03T02:00:09+03:00] END cron-watchdog-v3: rc=0 duration=7s

[2026-07-03T04:00:01+03:00] START cron-watchdog-v3: /bin/bash /root/.openclaw/workspace/scripts/cron-watchdog-v3.sh
🔍 Watchdog v3 - Detect → Fix → Report
✅ Gateway running (PID: 2438248)
🟡 Disk WARNING: 80%
✅ active-tasks.md fresh (43h)
🟡 Jobs data stale (91h) - re-running pipeline...
  Pipeline triggered in background
✅ SIE 360 data fresh (2h)
✅ Pipeline lock active (0m, still valid)
✅ All crons OK
✅ No pipeline failures today
✅ RAM OK: 31%

═══════════════════════════════════
📊 Watchdog v3 Summary
  Fixes applied: 1
  Warnings: 1
  Alerts (need human): 0
═══════════════════════════════════

📋 Actions taken:
🔄 Jobs data was 91h stale → pipeline re-triggered

[2026-07-03T04:00:08+03:00] END cron-watchdog-v3: rc=0 duration=7s

[2026-07-03T06:00:01+03:00] START cron-watchdog-v3: /bin/bash /root/.openclaw/workspace/scripts/cron-watchdog-v3.sh
🔍 Watchdog v3 - Detect → Fix → Report
✅ Gateway running (PID: 2438248)
🟡 Disk WARNING: 80%
✅ active-tasks.md fresh (45h)
🟡 Jobs data stale (93h) - re-running pipeline...
  Pipeline triggered in background
✅ SIE 360 data fresh (4h)
✅ All crons OK
✅ No pipeline failures today
✅ RAM OK: 35%

═══════════════════════════════════
📊 Watchdog v3 Summary
  Fixes applied: 1
  Warnings: 1
  Alerts (need human): 0
═══════════════════════════════════

📋 Actions taken:
🔄 Jobs data was 93h stale → pipeline re-triggered

[2026-07-03T06:00:10+03:00] END cron-watchdog-v3: rc=0 duration=9s
