Disk guard triggered at 2026-05-03T07:07:11+03:00
Threshold: 65%
Before: 96G used, 16G used%, 85% free
\nSafe cleanup: workspace tmp files older than 2 days, preserving guard logs and current research markdown.
\nSafe cleanup: OpenClaw logs older than 7 days.
\nSafe cleanup: npm/pnpm metadata logs and generic temp caches.
Removed all cached metadata files
Removed 96 files
Removed 6 packages
npm warn using --force Recommended protections disabled.
Total reclaimed space: 0B
\nBackup/snapshot audit, no destructive pruning by default.
Backup/snapshot audit: files >= 8G or older than 14 days.
2026-03-29 06:45 343516 /root/.openclaw/backups/pre-openclaw-update-20260503-060358/agents/main/sessions/archive/sessions-pre-2026-03-22.tar.gz
2026-03-29 06:45 87035 /root/.openclaw/backups/pre-openclaw-update-20260503-060358/agents/main/sessions/archive/sessions-tiny-2026-03-28.tar.gz
2026-03-29 06:46 14761430 /root/.openclaw/backups/pre-openclaw-update-20260503-060358/agents/main/sessions/archive/sessions-resets.tar.gz
2026-03-29 06:46 3677707 /root/.openclaw/backups/pre-openclaw-update-20260503-060358/agents/main/sessions/archive/sessions-cron-today.tar.gz
Backup pruning disabled. Set DISK_GUARD_PRUNE_BACKUPS=1 only after explicit approval.
\nAfter: 96G used, 16G used%, 84% free
Largest remaining /root items:
426M	/root/.cache
498M	/root/openclaw-backups
616M	/root/.local
794M	/root/.venvs
936M	/root/go
1.4G	/root/.camofox
3.9G	/root/.nvm
4.9G	/root/openclaw
5.2G	/root/openclaw-snapshot-20260501
14G	/root/openclaw-snapshot-20260502
18G	/root/.openclaw
51G	/root
