Disk guard triggered at 2026-05-05T00:00:36+03:00
Threshold: 65%
Before: 96G used, 32G used%, 68% free
\nSafe cleanup: workspace tmp files older than 2 days, preserving guard logs and current research markdown.
\nSafe cleanup: OpenClaw logs older than 7 days.
\nSafe cleanup: npm/pnpm metadata logs and generic temp caches.
Removed all cached metadata files
Removed 0 files
Removed 0 packages
npm warn using --force Recommended protections disabled.
Total reclaimed space: 0B
\nBackup/snapshot audit, no destructive pruning by default.
Backup/snapshot audit: files >= 8G or older than 14 days.
2026-03-29 06:45 343516 /root/.openclaw/backups/pre-openclaw-update-20260503-060358/agents/main/sessions/archive/sessions-pre-2026-03-22.tar.gz
2026-03-29 06:45 87035 /root/.openclaw/backups/pre-openclaw-update-20260503-060358/agents/main/sessions/archive/sessions-tiny-2026-03-28.tar.gz
2026-03-29 06:46 14761430 /root/.openclaw/backups/pre-openclaw-update-20260503-060358/agents/main/sessions/archive/sessions-resets.tar.gz
2026-03-29 06:46 3677707 /root/.openclaw/backups/pre-openclaw-update-20260503-060358/agents/main/sessions/archive/sessions-cron-today.tar.gz
Backup pruning disabled. Set DISK_GUARD_PRUNE_BACKUPS=1 only after explicit approval.
\nAfter: 96G used, 32G used%, 67% free
Largest remaining /root items:
498M	/root/openclaw-backups
616M	/root/.local
715M	/root/.cache
794M	/root/.venvs
936M	/root/go
1.4G	/root/.camofox
3.9G	/root/.nvm
5.0G	/root/openclaw
5.4G	/root/openclaw-snapshot-20260503
5.5G	/root/openclaw-snapshot-20260504
9.3G	/root/.openclaw
35G	/root
