Disk guard triggered at 2026-05-07T07:07:09+03:00
Threshold: 65%
Before: 76G used / 21G free / 79% used

Safe cleanup: workspace tmp files older than 2 days, preserving guard logs and current research markdown.

Safe cleanup: OpenClaw logs older than 7 days.

Safe cleanup: npm/pnpm metadata logs and generic temp caches.
Removed all cached metadata files
Removed 0 files
Removed 0 packages
npm warn using --force Recommended protections disabled.
Total reclaimed space: 0B

Backup/snapshot audit, no destructive pruning by default.
Backup/snapshot audit: files >= 8G or older than 14 days.
2026-03-29 06:45 343516 /root/.openclaw/backups/update-20260505-140402/agents/main/sessions/archive/sessions-pre-2026-03-22.tar.gz
2026-03-29 06:45 87035 /root/.openclaw/backups/update-20260505-140402/agents/main/sessions/archive/sessions-tiny-2026-03-28.tar.gz
2026-03-29 06:46 14761430 /root/.openclaw/backups/update-20260505-140402/agents/main/sessions/archive/sessions-resets.tar.gz
2026-03-29 06:46 3677707 /root/.openclaw/backups/update-20260505-140402/agents/main/sessions/archive/sessions-cron-today.tar.gz
Backup pruning disabled. Set DISK_GUARD_PRUNE_BACKUPS=1 only after explicit approval.

After: 76G used / 21G free / 79% used
Largest remaining /root items:
363M	/root/.cache
616M	/root/.local
794M	/root/.venvs
936M	/root/go
1.4G	/root/.camofox
4.0G	/root/.nvm
5.1G	/root/openclaw
5.6G	/root/openclaw-snapshot-20260505
5.6G	/root/openclaw-snapshot-20260506
7.6G	/root/openclaw-backups
13G	/root/.openclaw
46G	/root
