[2026-05-15T02:19:45.769590+03:00] Starting Cron Dashboard Update...
Discovered 14 crons (14 system, 0 openclaw)
Dry run: skipping Notion writes

Update Summary:
  Created: 0
  Updated: 0

Summary saved to /root/.openclaw/workspace/logs/cron-dashboard-summary.json
[2026-05-15T02:20:02.481329+03:00] Starting Cron Dashboard Update...
Discovered 15 crons (15 system, 0 openclaw)

Update Summary:
  Created: 2
  Updated: 13

Summary saved to /root/.openclaw/workspace/logs/cron-dashboard-summary.json
[2026-05-15T02:21:18.759258+03:00] Starting Cron Dashboard Update...
Discovered 15 crons (15 system, 0 openclaw)
Dry run: skipping Notion writes

Update Summary:
  Created: 0
  Updated: 0

Summary saved to /root/.openclaw/workspace/logs/cron-dashboard-summary.json
[2026-05-15T02:21:29.624262+03:00] Starting Cron Dashboard Update...
Discovered 15 crons (15 system, 0 openclaw)

Update Summary:
  Created: 0
  Updated: 15

Summary saved to /root/.openclaw/workspace/logs/cron-dashboard-summary.json
[2026-05-15T02:30:02.085108+03:00] Starting Cron Dashboard Update...
Discovered 15 crons (15 system, 0 openclaw)

Update Summary:
  Created: 1
  Updated: 14
  Errors: 1
    - Error finding page 'disk-health-check.sh': HTTPSConnectionPool(host='api.notion.com', port=443): Read timed out. (read timeout=10)

Summary saved to /root/.openclaw/workspace/logs/cron-dashboard-summary.json
[2026-05-15T03:00:01.891576+03:00] Starting Cron Dashboard Update...
Discovered 15 crons (15 system, 0 openclaw)

Update Summary:
  Created: 0
  Updated: 15
  Errors: 1
    - Error parsing openclaw crons: Command '['openclaw', 'cron', 'list']' timed out after 15 seconds

Summary saved to /root/.openclaw/workspace/logs/cron-dashboard-summary.json
[2026-05-15T03:30:01.712680+03:00] Starting Cron Dashboard Update...
Discovered 15 crons (15 system, 0 openclaw)

Update Summary:
  Created: 0
  Updated: 15

Summary saved to /root/.openclaw/workspace/logs/cron-dashboard-summary.json
[2026-05-15T04:00:01.869500+03:00] Starting Cron Dashboard Update...
Discovered 15 crons (15 system, 0 openclaw)

Update Summary:
  Created: 0
  Updated: 15

Summary saved to /root/.openclaw/workspace/logs/cron-dashboard-summary.json
[2026-05-15T04:30:02.246402+03:00] Starting Cron Dashboard Update...
Discovered 15 crons (15 system, 0 openclaw)

Update Summary:
  Created: 0
  Updated: 14
  Errors: 1
    - Exception updating page 'sie-360-checks.py': HTTPSConnectionPool(host='api.notion.com', port=443): Read timed out. (read timeout=10)

Summary saved to /root/.openclaw/workspace/logs/cron-dashboard-summary.json
[2026-05-15T05:00:02.736527+03:00] Starting Cron Dashboard Update...
Discovered 15 crons (15 system, 0 openclaw)

Update Summary:
  Created: 1
  Updated: 14
  Errors: 1
    - Error finding page 'retention-backups.sh': HTTPSConnectionPool(host='api.notion.com', port=443): Read timed out. (read timeout=10)

Summary saved to /root/.openclaw/workspace/logs/cron-dashboard-summary.json
[2026-05-15T05:30:02.365859+03:00] Starting Cron Dashboard Update...
Discovered 15 crons (15 system, 0 openclaw)

Update Summary:
  Created: 0
  Updated: 15

Summary saved to /root/.openclaw/workspace/logs/cron-dashboard-summary.json
[2026-05-15T06:00:02.900925+03:00] Starting Cron Dashboard Update...
Discovered 15 crons (15 system, 0 openclaw)

Update Summary:
  Created: 0
  Updated: 15

Summary saved to /root/.openclaw/workspace/logs/cron-dashboard-summary.json
[2026-05-15T06:30:01.477108+03:00] Starting Cron Dashboard Update...
Discovered 15 crons (15 system, 0 openclaw)

Update Summary:
  Created: 0
  Updated: 15

Summary saved to /root/.openclaw/workspace/logs/cron-dashboard-summary.json
