Manual maximum-safe cleanup started 2026-06-21T14:27:40+03:00
Before root used bytes: 73811558400

1) Compress current OpenClaw update backup SQLite copies, preserving rollback.
3.9G	/root/.openclaw/backups/pre-openclaw-update-20260621-140536/sqlite
1.1G	/root/.openclaw/backups/pre-openclaw-update-20260621-140536/sqlite-backups.tar.zst
Compressed and removed uncompressed sqlite backup directory.

2) Package manager and rebuildable cache cleanup.
Reading package lists...
Building dependency tree...
Reading state information...
Reading package lists...
Building dependency tree...
Reading state information...
Solving dependencies...
0 upgraded, 0 newly installed, 0 to remove and 30 not upgraded.
npm warn using --force Recommended protections disabled.
Removed all cached metadata files
Removed 0 files
Removed 0 packages
Pruning cache at: /root/.cache/uv
No unused entries found

3) Stale temp cleanup, preserving active OpenClaw temp/log paths.
/tmp/playwright_chromiumdev_profile-dVeUyy
/tmp/playwright-artifacts-9X3rrM
/tmp/playwright_chromiumdev_profile-zIcnE4
/tmp/playwright-artifacts-lNipOa
/tmp/snap-private-tmp
/tmp/playwright_chromiumdev_profile-by2b6J
/tmp/playwright-artifacts-SIpKw5
/tmp/playwright_chromiumdev_profile-f8FRyI
/tmp/playwright-artifacts-PcR0Gn
/tmp/gmail_scan_20260619
/tmp/playwright_chromiumdev_profile-I51vYF
/tmp/playwright-artifacts-9mAg6z
/tmp/playwright_chromiumdev_profile-ZWLL4y
/tmp/playwright-artifacts-DlhuOm
/tmp/himalaya_verify_0848.json
/tmp/henv.err
/tmp/playwright_chromiumdev_profile-AXR3Sf
/tmp/playwright-artifacts-RyQ4kj
/tmp/playwright_chromiumdev_profile-YuA56c
/tmp/playwright-artifacts-VZIFm3
/tmp/openclaw_gateway_health_body
/tmp/playwright_chromiumdev_profile-pST6Yv
/tmp/playwright-artifacts-YwY5bT
/tmp/playwright_chromiumdev_profile-WoHLgq
/tmp/playwright-artifacts-x4Vtbf
/tmp/playwright_chromiumdev_profile-pK7HLV
/tmp/playwright-artifacts-gv2V9f
/tmp/playwright_chromiumdev_profile-0PRPjl
/tmp/playwright-artifacts-uh7JYU
/tmp/playwright_chromiumdev_profile-7znt59
/tmp/playwright-artifacts-aJE6Oh
/tmp/playwright_chromiumdev_profile-2eGpwC
/tmp/playwright-artifacts-3Vs69S
/tmp/tmpi00w4bcz.html
/tmp/himalaya_verify4.json
/tmp/himalaya_verify3.json
/tmp/flagremove2.err
/tmp/flagremove2.out
/tmp/himalaya_verify2.json
/tmp/flagremove.err
/tmp/flagremove.out
/tmp/himalaya_after_verify.json
/tmp/export-362396.err
/tmp/export-362396.out
/tmp/export-362494.err
/tmp/export-362494.out
/tmp/calendar-events-2026-06-19.json
/tmp/check362491_final.json
/tmp/check362491.json
/tmp/flag_restore_362491.txt
/tmp/lcm_queue_after_2026-06-19.txt
/tmp/lcm-synthetic-cd1969e7-ced7-42c2-9823-24e80ffb329a.jsonl
/tmp/crontab.err
/tmp/crontab.out
/tmp/lcm_queue_before_2026-06-19.txt
/tmp/himexp.err
/tmp/lcm-nightly-raw-2026-06-19.txt
/tmp/himlist.err
/tmp/playwright-artifacts-YNCbVm
/tmp/him_recent.json
/tmp/him_accounts.json
/tmp/him_warn.txt
/tmp/him_envelopes.json
/tmp/playwright-artifacts-Fohk7K
/tmp/himerr2
/tmp/vp_wealth_extract.txt
/tmp/env_check.json
/tmp/agreus_cv_text.txt
/tmp/tex2pdf.-9088937ad34f66ef
/tmp/lcm-synthetic-9169526f-57f6-4aa7-a03d-b08100d4ec8e.jsonl
/tmp/env_after_warn.log
/tmp/envelopes_after.json
/tmp/env_warn.log
/tmp/himalaya-unseen-restore.txt
/tmp/hflag_362402.txt
/tmp/hflag_362408.txt
/tmp/hflag_362410.txt
/tmp/hermes_crontab.txt
/tmp/himalaya_flag_362409.txt
/tmp/.org.chromium.Chromium.fxNGG3
/tmp/adecco_cv_b64_wrapped.txt
/tmp/adecco_cv_b64.txt
/tmp/himalaya_flag_362408.txt
/tmp/himalaya_job_monitor
/tmp/playwright_chromiumdev_profile-8OGqaH
/tmp/playwright-artifacts-yC2GEg
/tmp/playwright_chromiumdev_profile-fpvNhh
/tmp/playwright-artifacts-OMuMuo
/tmp/tess2.err
/tmp/tess1.err
/tmp/playwright_chromiumdev_profile-nuVl7N
/tmp/playwright-artifacts-LjVmox
/tmp/adecco_cv_text.txt
/tmp/emagine_cv_text.txt
/tmp/hcheck2.json
/tmp/hflag3
/tmp/hcheck.json
/tmp/hflag2
/tmp/hflag1
/tmp/playwright_chromiumdev_profile-ELg84A
/tmp/playwright-artifacts-vWoqCI
/tmp/playwright_chromiumdev_profile-7bfvx2
/tmp/playwright-artifacts-nx4j4E
/tmp/himalaya_recent120_p2.json
/tmp/himalaya_recent120.json
/tmp/export362396.err
/tmp/export362396.out
/tmp/hflag.err
/tmp/hflag.out
/tmp/hflag2_362396.err
/tmp/hflag2_362396.out
/tmp/hflag2_362382.err
/tmp/hflag2_362382.out
/tmp/hflag2_362386.err
/tmp/hflag2_362386.out
/tmp/hflag_362396.err
/tmp/hflag_362396.out
/tmp/hflag_362382.err
/tmp/hflag_362382.out
/tmp/hflag_362386.err
/tmp/hflag_362386.out
/tmp/playwright_chromiumdev_profile-PVGQpW
/tmp/playwright-artifacts-EwSLO5
/tmp/playwright_chromiumdev_profile-KfmAD0
/tmp/playwright-artifacts-vUHkga
/tmp/.org.chromium.Chromium.kR8eyD
/tmp/tmp6hocucsj.html
/tmp/him_flag.err
/tmp/him_flag.out
/tmp/him_export.err
/tmp/him_export.out
/tmp/him_flag_362364.err
/tmp/him_flag_362364.out
/tmp/him_flag_362390.err
/tmp/him_flag_362390.out
/tmp/him_flag_362382.err
/tmp/him_flag_362382.out
/tmp/him_flag_362386.err
/tmp/him_flag_362386.out
/tmp/him_flag_362396.err
/tmp/him_flag_362396.out
/tmp/recent_restore2.json
/tmp/recent_restore.json
/tmp/recent_after.json
/tmp/himalaya_flag_362396b.err
/tmp/himalaya_flag_362396b.out
/tmp/himalaya_flag_362396.err
/tmp/himalaya_flag_362396.out
/tmp/jiti
/tmp/calendar-events-2026-06-18.json
/tmp/pip-bs4.log
/tmp/himalaya_recent_after_sap.json
/tmp/himalaya_flag_restore_362386.txt
/tmp/himalaya_recent_0304.err
/tmp/himalaya_recent_0304.json
/tmp/lcm_queue_after_2026-06-18.txt
/tmp/lcm-build
/tmp/lcm-synthetic-67c321d1-ea6b-45bc-ac7f-cea6718bdd4e.jsonl
/tmp/lcm_queue_before_2026-06-18.txt
/tmp/lcm-nightly-raw-2026-06-18.txt
/tmp/recent_after_restore.json
/tmp/gmail_jobscan_20260618
/tmp/himalaya_now.json
/tmp/himalaya_verify_362364.json
/tmp/flag_restore_362364.txt
/tmp/himwarn2.txt
/tmp/recheck.json
/tmp/himalaya_reads
/tmp/envelopes400.json
/tmp/himwarn.txt
/tmp/apply_lever_jobgether.js
/tmp/flag_rm_362364_final.err
/tmp/flag_rm_362364_final.json
/tmp/himalaya_recent_final_flags.err
/tmp/himalaya_recent_final_flags.json
/tmp/flag_rm_362364b.err
/tmp/flag_rm_362364b.json
/tmp/export362364.err
/tmp/export362364.out
/tmp/himalaya_recent_after_flag.err
/tmp/himalaya_recent_after_flag.json
/tmp/flag_rm_362364.err
/tmp/flag_rm_362364.json
/tmp/flag_rm_362364.txt
/tmp/himalaya_recent_20260617_2227.json
/tmp/gmail_monitor.py
/tmp/hwarn
/tmp/himalaya_recent_orchestrator_2114.json
/tmp/export_362336.log
/tmp/flag_remove_362303_2.txt
/tmp/export_362303.log
/tmp/flag_remove_362303.txt
/tmp/himalaya_recent100.json
/tmp/.org.chromium.Chromium.ayAILT
/tmp/himalaya_restore_362336.txt
/tmp/himalaya_50_after.json
/tmp/himalaya_50.json
/tmp/.org.chromium.Chromium.V6XkCE
/tmp/regenerate.out
/tmp/elm_gm_cv.txt
/tmp/create_elm_gm_cv.py
/tmp/playwright-artifacts-mypdJh
/tmp/playwright-artifacts-EVeh8S
/tmp/gmail_scan_20260617
/tmp/himalaya_warn2.log
/tmp/himalaya_warn.log
/tmp/himalaya_after_restore_1017.json
/tmp/himalaya_after_1017.json
/tmp/himalaya_flag2_362282.log
/tmp/himalaya_flag2_362283.log
/tmp/himalaya_flag_362282.log
/tmp/himalaya_flag_362283.log
/tmp/himalaya_restored.json
/tmp/himalaya_after.json
/tmp/sanabil_361559.txt
/tmp/sanabil_361557.txt
/tmp/alchemy362016.txt
/tmp/huxley362085.txt
/tmp/talabat361659.txt
/tmp/miral361572.txt
/tmp/sanabil.json
/tmp/herr
/tmp/himalaya_recent60.json
/tmp/openclaw-heartbeat-health-body
/tmp/openclaw-heartbeat-health.out
/tmp/hacct.err
/tmp/him_env_err
/tmp/scanpip.log
/tmp/hv.txt
/tmp/himalaya_accounts.json
/tmp/inbox_after.json
/tmp/openclaw-health.out
/tmp/openclaw_health_body
/tmp/him_acc_err
/tmp/envelopes.json
/tmp/himalaya_recent.json

4) Journal and log vacuum.
Vacuuming done, freed 0B of archived journals from /run/log/journal.
Vacuuming done, freed 0B of archived journals from /var/log/journal/dae6321d453d4915b908dab055a0353c.
Vacuuming done, freed 0B of archived journals from /var/log/journal.

5) Remove incomplete compression temp files only.

After root used bytes: 70676566016
Reclaimed bytes estimate: 3134992384
Manual maximum-safe cleanup ended 2026-06-21T14:28:10+03:00
