[2026-04-02T05:05:00Z] ERROR — session-watchdog cron BLOCKED: exec denied in cron mode. 'bash' not on allowlist. Policy: security=allowlist ask=on-miss askFallback=deny. Fix: add bash/sh to exec allowlist, or set security=full + ask=off for trusted automation. Reset=0 Skipped=0.
[2026-04-02T05:42:00Z] ERROR — session-watchdog cron BLOCKED: exec denied in cron mode. Same cause. Reset=0 Skipped=0.
[2026-04-02T11:15:30Z] RESET [main] 0f707e85-acd9-46ed-9c52-b20092bc931c-topic-10.jsonl — was 3MB → archived to 0f707e85-acd9-46ed-9c52-b20092bc931c-topic-10.20260402T111530Z.jsonl.gz
[2026-04-02T11:15:32Z] RESET [main] 505ce5d9-c7bf-47b1-9c7d-4570427ef123.jsonl — was 3MB → archived to 505ce5d9-c7bf-47b1-9c7d-4570427ef123.20260402T111532Z.jsonl.gz
[2026-04-02T11:15:35Z] SKIP [cto] 73f17151-a805-4708-bb5b-dd91a5a790bd.jsonl — locked by live PID 670265 (1MB)
[2026-04-02T11:15:35Z] SKIP [cto] 6d906346-fb20-4499-944d-3172fe370429-topic-8.jsonl — locked by live PID 670265 (1MB)
[2026-04-02T11:15:36Z] RESET [cmo] f1b7cec8-0d56-489a-9ff2-95e9e81f929a-topic-7.jsonl — was 5MB → archived to f1b7cec8-0d56-489a-9ff2-95e9e81f929a-topic-7.20260402T111536Z.jsonl.gz
[2026-04-02T11:15:36Z] Done — reset=3 skipped=2
[2026-04-03T02:43:18Z] SKIP [cto] 324dca10-8da7-442f-af7c-8eb04ed552d3.jsonl — locked by live PID 689384 (1MB)
[2026-04-03T02:43:18Z] Done — reset=0 skipped=1
[2026-04-03T05:11:33Z] RESET [main] 91823f8f-ed89-42ed-b92c-a5701a1e2244.jsonl — was 3MB → archived to 91823f8f-ed89-42ed-b92c-a5701a1e2244.20260403T051133Z.jsonl.gz
[2026-04-03T05:11:34Z] SKIP [cto] c91888cd-add2-4064-8ded-ebde4d56023e.jsonl — locked by live PID 705226 (1MB)
[2026-04-03T05:11:35Z] Done — reset=1 skipped=1
[2026-04-04T01:03:37Z] RESET [main] d95cb44e-faac-4ff3-afd9-c35e258a6dfb.jsonl — was 3MB → archived to d95cb44e-faac-4ff3-afd9-c35e258a6dfb.20260404T010337Z.jsonl.gz
[2026-04-04T01:03:38Z] SKIP [cto] 2bbe1418-71e1-4752-b69a-6862ab0dba5d.jsonl — locked by live PID 722638 (1MB)
[2026-04-04T01:03:38Z] Done — reset=1 skipped=1
[2026-04-05T01:03:25Z] SKIP [cto] e22652e9-b268-45bb-b168-7046c5a52098.jsonl — locked by live PID 734469 (1MB)
[2026-04-05T01:03:26Z] Done — reset=0 skipped=1
[2026-04-06T01:03:22Z] RESET [main] 2a82b380-d869-40fd-bc34-76ea8c4106b4.jsonl — was 3MB → archived to 2a82b380-d869-40fd-bc34-76ea8c4106b4.20260406T010322Z.jsonl.gz
[2026-04-06T01:03:23Z] SKIP [cto] 2d3b6622-ddb2-4284-bf8c-a7621698b485.jsonl — locked by live PID 734469 (1MB)
[2026-04-06T01:03:24Z] Done — reset=1 skipped=1
[2026-04-07T01:02:03Z] RESET [main] c5bc3a7e-18d4-4920-a45f-df40ba2115cb.jsonl — was 5MB → archived to c5bc3a7e-18d4-4920-a45f-df40ba2115cb.20260407T010202Z.jsonl.gz
[2026-04-07T01:02:03Z] SKIP [cto] 59c98288-a05a-4806-80ca-c7392dfa6251.jsonl — locked by live PID 873295 (1MB)
[2026-04-07T01:02:03Z] RESET [cto] f4cfa4ce-e0cf-4131-b878-66568c0005ed-topic-8.jsonl — was 3MB → archived to f4cfa4ce-e0cf-4131-b878-66568c0005ed-topic-8.20260407T010203Z.jsonl.gz
[2026-04-07T01:02:04Z] Done — reset=2 skipped=1
[2026-04-08T01:03:32Z] RESET [main] a3fce94a-590e-43e4-bbc1-652e55e240e3.jsonl — was 3MB → archived to a3fce94a-590e-43e4-bbc1-652e55e240e3.20260408T010332Z.jsonl.gz
[2026-04-08T01:03:33Z] RESET [main] c5bc3a7e-18d4-4920-a45f-df40ba2115cb.jsonl — was 3MB → archived to c5bc3a7e-18d4-4920-a45f-df40ba2115cb.20260408T010333Z.jsonl.gz
[2026-04-08T01:03:34Z] SKIP [cto] 367c7852-332e-404a-957c-ff74703fb55c.jsonl — locked by live PID 1028110 (1MB)
[2026-04-08T01:03:34Z] Done — reset=2 skipped=1
[2026-04-09T01:02:51Z] RESET [main] a3fce94a-590e-43e4-bbc1-652e55e240e3.jsonl — was 5MB → archived to a3fce94a-590e-43e4-bbc1-652e55e240e3.20260409T010251Z.jsonl.gz
[2026-04-09T01:02:52Z] RESET [main] f6dc568c-58fb-47d4-96a7-c5c9c8cb3011.jsonl — was 6MB → archived to f6dc568c-58fb-47d4-96a7-c5c9c8cb3011.20260409T010251Z.jsonl.gz
[2026-04-09T01:02:53Z] SKIP [cto] 99973440-072e-4a50-b953-29d627653a70.jsonl — locked by live PID 1128860 (1MB)
[2026-04-09T01:02:54Z] Done — reset=2 skipped=1
[2026-04-10T01:02:16Z] RESET [main] bc4fb139-a7a0-4e7c-a904-181208976475.jsonl — was 3MB → archived to bc4fb139-a7a0-4e7c-a904-181208976475.20260410T010216Z.jsonl.gz
[2026-04-10T01:02:18Z] RESET [cto] f4cfa4ce-e0cf-4131-b878-66568c0005ed-topic-8.jsonl — was 3MB → archived to f4cfa4ce-e0cf-4131-b878-66568c0005ed-topic-8.20260410T010218Z.jsonl.gz
[2026-04-10T01:02:18Z] SKIP [cto] a200a16a-e745-4788-833c-81d3a74273e9.jsonl — locked by live PID 1418790 (1MB)
[2026-04-10T01:02:19Z] Done — reset=2 skipped=1
[2026-04-11T01:02:33Z] SKIP [cto] 9c577a84-1fdb-44dd-95f8-451b32fc2c3c.jsonl — locked by live PID 1501808 (1MB)
[2026-04-11T01:02:33Z] Done — reset=0 skipped=1
[2026-04-12T01:02:16Z] RESET [main] e8ac913a-ccd0-416c-8bca-8a47bac102db.jsonl was 12MB -> archived to e8ac913a-ccd0-416c-8bca-8a47bac102db.20260412T010215Z.jsonl.gz
[2026-04-12T01:02:18Z] SKIP [cto] 6d0cba4f-f17d-4797-8306-05c2087f1fa5.jsonl locked by live PID 1670490 (1MB)
[2026-04-12T01:02:19Z] Done reset=1 skipped=1 errors=0
[2026-04-13T01:03:21Z] RESET [hr] 86e78db7-bcc1-4b64-8331-9ebdf731aa47-topic-9.jsonl was 6MB -> archived to 86e78db7-bcc1-4b64-8331-9ebdf731aa47-topic-9.20260413T010321Z.jsonl.gz
[2026-04-13T01:03:22Z] RESET [cto] 1d40e8fd-5d5c-4d23-bbfc-3d6de38ee970-topic-8.jsonl was 3MB -> archived to 1d40e8fd-5d5c-4d23-bbfc-3d6de38ee970-topic-8.20260413T010322Z.jsonl.gz
[2026-04-13T01:03:22Z] SKIP [cto] ac4a3c0a-71cc-4d58-9d57-594a5181aa91.jsonl locked by live PID 1802508 (1MB)
[2026-04-13T01:03:23Z] RESET [cmo] d6b08b72-c138-47d8-b424-3f2bb21eaad9-topic-7.jsonl was 3MB -> archived to d6b08b72-c138-47d8-b424-3f2bb21eaad9-topic-7.20260413T010323Z.jsonl.gz
[2026-04-13T01:03:23Z] Done reset=3 skipped=1 errors=0
[2026-04-14T01:03:26Z] SKIP [cto] 106783dd-f9a7-4249-89d8-60d141f79592.jsonl locked by live PID 1853534 (1MB)
[2026-04-14T01:03:27Z] Done reset=0 skipped=1 errors=0
[2026-04-15T01:04:02Z] RESET [hr] cdc8764b-617a-4543-9433-6ae634f9b5d4-topic-9.jsonl was 3MB -> archived to cdc8764b-617a-4543-9433-6ae634f9b5d4-topic-9.20260415T010402Z.jsonl.gz
[2026-04-15T01:04:04Z] SKIP [cto] 15fc0612-80b3-45dc-8ff3-55fd34a47231.jsonl locked by live PID 1853534 (1MB)
[2026-04-15T01:04:05Z] Done reset=1 skipped=1 errors=0
[2026-04-16T01:03:17Z] RESET [main] 2c0c586d-d711-4e3f-851e-8127f7350116.jsonl was 4MB -> archived to 2c0c586d-d711-4e3f-851e-8127f7350116.20260416T010317Z.jsonl.gz
[2026-04-16T01:03:19Z] SKIP [cto] 8a5c2f21-c0e1-4df5-bdf8-9ab9c21df34a.jsonl locked by live PID 1921336 (1MB)
[2026-04-16T01:03:20Z] RESET [cmo] e2803d19-c66e-4ed9-8344-3ca3fa7c64f1-topic-7.jsonl was 3MB -> archived to e2803d19-c66e-4ed9-8344-3ca3fa7c64f1-topic-7.20260416T010320Z.jsonl.gz
[2026-04-16T01:03:20Z] Done reset=2 skipped=1 errors=0
[2026-04-17T01:04:52Z] RESET [hr] eff5837e-9765-4048-bd59-be8a449463a7-topic-9.jsonl was 3MB -> archived to eff5837e-9765-4048-bd59-be8a449463a7-topic-9.20260417T010452Z.jsonl.gz
[2026-04-17T01:04:54Z] SKIP [cto] 39e82ae6-2f70-4645-82d3-9d1f6610cbcf.jsonl locked by live PID 1921336 (1MB)
[2026-04-17T01:04:54Z] RESET [cto] 6d906346-fb20-4499-944d-3172fe370429-topic-8.jsonl was 3MB -> archived to 6d906346-fb20-4499-944d-3172fe370429-topic-8.20260417T010454Z.jsonl.gz
[2026-04-17T01:04:55Z] Done reset=2 skipped=1 errors=0
[2026-04-18T01:04:21Z] RESET [main] e4702fa1-165f-4a6b-817d-e14118a2a306.jsonl was 7MB -> archived to e4702fa1-165f-4a6b-817d-e14118a2a306.20260418T010420Z.jsonl.gz
[2026-04-18T01:04:21Z] RESET [hr] cdc8764b-617a-4543-9433-6ae634f9b5d4-topic-9.jsonl was 3MB -> archived to cdc8764b-617a-4543-9433-6ae634f9b5d4-topic-9.20260418T010421Z.jsonl.gz
[2026-04-18T01:04:24Z] SKIP [cto] 5238abe1-b5a7-41a6-9e5a-83a0d1c45bcc.jsonl locked by live PID 2005380 (1MB)
[2026-04-18T01:04:24Z] RESET [cmo] ed515fbb-7d9e-4e1d-980c-e8e9214e3cb7.jsonl was 9MB -> archived to ed515fbb-7d9e-4e1d-980c-e8e9214e3cb7.20260418T010424Z.jsonl.gz
[2026-04-18T01:04:24Z] Done reset=3 skipped=1 errors=0
[2026-04-19T01:04:40Z] RESET [main] 6c6983e5-b36e-4f7d-bb4e-d21610ae91b8.jsonl was 3MB -> archived to 6c6983e5-b36e-4f7d-bb4e-d21610ae91b8.20260419T010440Z.jsonl.gz
[2026-04-19T01:04:42Z] RESET [hr] 3de8ac7a-e6a6-46a1-aed2-d2a90ea3c774-topic-9.jsonl was 7MB -> archived to 3de8ac7a-e6a6-46a1-aed2-d2a90ea3c774-topic-9.20260419T010442Z.jsonl.gz
[2026-04-19T01:04:43Z] RESET [cto] 7fa984d1-e5f2-4365-bef5-def5758ac46b-topic-8.jsonl was 3MB -> archived to 7fa984d1-e5f2-4365-bef5-def5758ac46b-topic-8.20260419T010443Z.jsonl.gz
[2026-04-19T01:04:43Z] SKIP [cto] 0607aa36-03cc-41ed-8a37-37b6a997c6f4.jsonl locked by live PID 2043661 (1MB)
[2026-04-19T01:04:44Z] Done reset=3 skipped=1 errors=0
[2026-04-20T01:04:13Z] RESET [main] 13ad6636-c2d3-4b0f-bd20-687cb77d7205.jsonl was 7MB -> archived to 13ad6636-c2d3-4b0f-bd20-687cb77d7205.20260420T010413Z.jsonl.gz
[2026-04-20T01:04:16Z] SKIP [cto] 2dd3c81e-81fb-4926-af81-a75826e91129.jsonl locked by live PID 2077562 (1MB)
[2026-04-20T01:04:17Z] Done reset=1 skipped=1 errors=0
[2026-04-21T01:04:00Z] RESET [main] facfe451-c9e4-4178-bdb9-f072d479584a.jsonl was 10MB -> archived to facfe451-c9e4-4178-bdb9-f072d479584a.20260421T010359Z.jsonl.gz
[2026-04-21T01:04:04Z] RESET [hr] 3de8ac7a-e6a6-46a1-aed2-d2a90ea3c774-topic-9.jsonl was 3MB -> archived to 3de8ac7a-e6a6-46a1-aed2-d2a90ea3c774-topic-9.20260421T010404Z.jsonl.gz
[2026-04-21T01:04:04Z] SKIP [cto] c14851f0-0f97-4368-ad9a-25f193c3466d.jsonl locked by live PID 2117660 (1MB)
[2026-04-21T01:04:05Z] Done reset=2 skipped=1 errors=0
[2026-04-22T01:04:14Z] RESET [main] 10f30b07-2d36-4c45-b7d6-a5854124630c.jsonl was 12MB -> archived to 10f30b07-2d36-4c45-b7d6-a5854124630c.20260422T010414Z.jsonl.gz
[2026-04-22T01:04:17Z] SKIP [cto] a1883e2d-1425-415f-97ed-5970c2910161.jsonl locked by live PID 2179714 (1MB)
[2026-04-22T01:04:17Z] RESET [cmo] e2803d19-c66e-4ed9-8344-3ca3fa7c64f1-topic-7.jsonl was 3MB -> archived to e2803d19-c66e-4ed9-8344-3ca3fa7c64f1-topic-7.20260422T010417Z.jsonl.gz
[2026-04-22T01:04:18Z] Done reset=2 skipped=1 errors=0
[2026-04-23T01:04:47Z] RESET [main] ee00293d-6a02-4400-8ce9-e5c2024cd073.jsonl was 6MB -> archived to ee00293d-6a02-4400-8ce9-e5c2024cd073.20260423T010447Z.jsonl.gz
[2026-04-23T01:04:49Z] SKIP [cto] 85d868e2-ae98-4738-a91a-7ffebcb3f802.jsonl locked by live PID 6384 (1MB)
[2026-04-23T01:04:50Z] RESET [cto] 7fa984d1-e5f2-4365-bef5-def5758ac46b-topic-8.jsonl was 10MB -> archived to 7fa984d1-e5f2-4365-bef5-def5758ac46b-topic-8.20260423T010449Z.jsonl.gz
[2026-04-23T01:04:51Z] Done reset=2 skipped=1 errors=0
[2026-04-24T00:06:16Z] RESET [main] 385a21d2-635a-41e6-82ac-46944b4549b1.trajectory.jsonl was 15MB -> archived to 385a21d2-635a-41e6-82ac-46944b4549b1.trajectory.20260424T000616Z.jsonl.gz
[2026-04-24T00:06:17Z] SKIP [main] 385a21d2-635a-41e6-82ac-46944b4549b1.jsonl locked by live PID 40775 (7MB)
[2026-04-24T00:06:19Z] SKIP [cto] 14d84e1e-f1b4-497f-bbb9-91c4d3f9c2f9.jsonl locked by live PID 40775 (1MB)
[2026-04-24T00:06:20Z] Done reset=1 skipped=2 errors=0
[2026-04-25T00:03:56Z] RESET [main] 385a21d2-635a-41e6-82ac-46944b4549b1.trajectory.jsonl was 49MB -> archived to 385a21d2-635a-41e6-82ac-46944b4549b1.trajectory.20260425T000354Z.jsonl.gz
[2026-04-25T00:03:56Z] RESET [main] 318f5d00-707a-4395-925e-94f2e0cf9ffa-topic-10.trajectory.jsonl was 3MB -> archived to 318f5d00-707a-4395-925e-94f2e0cf9ffa-topic-10.trajectory.20260425T000356Z.jsonl.gz
[2026-04-25T00:03:57Z] RESET [main] 385a21d2-635a-41e6-82ac-46944b4549b1.jsonl was 19MB -> archived to 385a21d2-635a-41e6-82ac-46944b4549b1.20260425T000356Z.jsonl.gz
[2026-04-25T00:03:58Z] RESET [hr] cdc8764b-617a-4543-9433-6ae634f9b5d4-topic-9.trajectory.jsonl was 7MB -> archived to cdc8764b-617a-4543-9433-6ae634f9b5d4-topic-9.trajectory.20260425T000358Z.jsonl.gz
[2026-04-25T00:03:58Z] RESET [hr] 881c5d3f-9b09-4a1e-9ca8-891df1a31a33-topic-9.trajectory.jsonl was 8MB -> archived to 881c5d3f-9b09-4a1e-9ca8-891df1a31a33-topic-9.trajectory.20260425T000358Z.jsonl.gz
[2026-04-25T00:03:59Z] RESET [cto] 8e347ea8-2ee1-4365-abae-e3da91e19c2a-topic-8.trajectory.jsonl was 12MB -> archived to 8e347ea8-2ee1-4365-abae-e3da91e19c2a-topic-8.trajectory.20260425T000359Z.jsonl.gz
[2026-04-25T00:04:00Z] RESET [cto] 1dd63ae6-77e5-4770-92dc-4e5c21380028-topic-8.trajectory.jsonl was 12MB -> archived to 1dd63ae6-77e5-4770-92dc-4e5c21380028-topic-8.trajectory.20260425T000359Z.jsonl.gz
[2026-04-25T00:04:00Z] SKIP [cto] eb8d872f-1a85-4787-bed8-b22aec7ba792.jsonl locked by live PID 77806 (1MB)
[2026-04-25T00:04:01Z] RESET [cmo] b9943fa9-7dee-44d6-a3b1-18af96774c55-topic-7.jsonl was 4MB -> archived to b9943fa9-7dee-44d6-a3b1-18af96774c55-topic-7.20260425T000401Z.jsonl.gz
[2026-04-25T00:04:03Z] RESET [cmo] b9943fa9-7dee-44d6-a3b1-18af96774c55-topic-7.trajectory.jsonl was 51MB -> archived to b9943fa9-7dee-44d6-a3b1-18af96774c55-topic-7.trajectory.20260425T000402Z.jsonl.gz
[2026-04-25T00:04:03Z] Done reset=9 skipped=1 errors=0
[2026-04-26T00:05:53Z] RESET [main] eff56784-4287-4a7d-b73b-4c51dbec3122.trajectory.jsonl was 24MB -> archived to eff56784-4287-4a7d-b73b-4c51dbec3122.trajectory.20260426T000552Z.jsonl.gz
[2026-04-26T00:05:53Z] SKIP [main] eff56784-4287-4a7d-b73b-4c51dbec3122.jsonl locked by live PID 113097 (12MB)
[2026-04-26T00:05:55Z] RESET [hr] cdc8764b-617a-4543-9433-6ae634f9b5d4-topic-9.trajectory.jsonl was 8MB -> archived to cdc8764b-617a-4543-9433-6ae634f9b5d4-topic-9.trajectory.20260426T000555Z.jsonl.gz
[2026-04-26T00:05:58Z] RESET [cto] 6d906346-fb20-4499-944d-3172fe370429-topic-8.jsonl was 3MB -> archived to 6d906346-fb20-4499-944d-3172fe370429-topic-8.20260426T000558Z.jsonl.gz
[2026-04-26T00:05:58Z] RESET [cto] 6d906346-fb20-4499-944d-3172fe370429-topic-8.trajectory.jsonl was 6MB -> archived to 6d906346-fb20-4499-944d-3172fe370429-topic-8.trajectory.20260426T000558Z.jsonl.gz
[2026-04-26T00:05:59Z] RESET [cto] 69b726ab-6831-4db5-8362-41cfd61f1d87-topic-8.trajectory.jsonl was 8MB -> archived to 69b726ab-6831-4db5-8362-41cfd61f1d87-topic-8.trajectory.20260426T000558Z.jsonl.gz
[2026-04-26T00:05:59Z] SKIP [cto] ce1042e9-3817-4afe-a507-db8914e006de.jsonl locked by live PID 113097 (1MB)
[2026-04-26T00:06:00Z] RESET [cmo] e2803d19-c66e-4ed9-8344-3ca3fa7c64f1-topic-7.trajectory.jsonl was 7MB -> archived to e2803d19-c66e-4ed9-8344-3ca3fa7c64f1-topic-7.trajectory.20260426T000559Z.jsonl.gz
[2026-04-26T00:06:00Z] RESET [cmo] 71b05de7-16fc-4b47-8aa6-b5e6224493f5-topic-7.trajectory.jsonl was 7MB -> archived to 71b05de7-16fc-4b47-8aa6-b5e6224493f5-topic-7.trajectory.20260426T000600Z.jsonl.gz
[2026-04-26T00:06:00Z] Done reset=7 skipped=2 errors=0
[2026-04-27T00:04:29Z] RESET [main] 1b68c702-8ed0-405a-8e0f-81157e466fc5.jsonl was 9MB -> archived to 1b68c702-8ed0-405a-8e0f-81157e466fc5.20260427T000428Z.jsonl.gz
[2026-04-27T00:04:29Z] RESET [main] ab807803-bd57-42a4-8024-70e954a2b9a9.trajectory.jsonl was 4MB -> archived to ab807803-bd57-42a4-8024-70e954a2b9a9.trajectory.20260427T000429Z.jsonl.gz
[2026-04-27T00:04:29Z] RESET [main] 6a0241ab-d0f0-4ae7-805b-d3844510bb00.trajectory.jsonl was 17MB -> archived to 6a0241ab-d0f0-4ae7-805b-d3844510bb00.trajectory.20260427T000429Z.jsonl.gz
[2026-04-27T00:04:30Z] RESET [main] 1b68c702-8ed0-405a-8e0f-81157e466fc5.trajectory.jsonl was 24MB -> archived to 1b68c702-8ed0-405a-8e0f-81157e466fc5.trajectory.20260427T000430Z.jsonl.gz
[2026-04-27T00:04:33Z] RESET [hr] cdc8764b-617a-4543-9433-6ae634f9b5d4-topic-9.trajectory.jsonl was 12MB -> archived to cdc8764b-617a-4543-9433-6ae634f9b5d4-topic-9.trajectory.20260427T000433Z.jsonl.gz
[2026-04-27T00:04:34Z] RESET [hr] ba3e639f-f752-4191-8fe1-77b618352716-topic-9.jsonl was 4MB -> archived to ba3e639f-f752-4191-8fe1-77b618352716-topic-9.20260427T000433Z.jsonl.gz
[2026-04-27T00:04:34Z] RESET [hr] ba3e639f-f752-4191-8fe1-77b618352716-topic-9.trajectory.jsonl was 19MB -> archived to ba3e639f-f752-4191-8fe1-77b618352716-topic-9.trajectory.20260427T000434Z.jsonl.gz
[2026-04-27T00:04:35Z] SKIP [cto] 47307ecf-2fdb-47cf-bb08-9228dc172406.jsonl locked by live PID 131773 (1MB)
[2026-04-27T00:04:35Z] RESET [cto] f20baeca-c7a6-4b35-8206-fc57076c4142-topic-8.jsonl was 3MB -> archived to f20baeca-c7a6-4b35-8206-fc57076c4142-topic-8.20260427T000435Z.jsonl.gz
[2026-04-27T00:04:35Z] RESET [cto] 6d906346-fb20-4499-944d-3172fe370429-topic-8.trajectory.jsonl was 7MB -> archived to 6d906346-fb20-4499-944d-3172fe370429-topic-8.trajectory.20260427T000435Z.jsonl.gz
[2026-04-27T00:04:36Z] RESET [cto] 03391bd7-8e18-4429-a412-4fe497c1c2d0.trajectory.jsonl was 10MB -> archived to 03391bd7-8e18-4429-a412-4fe497c1c2d0.trajectory.20260427T000435Z.jsonl.gz
[2026-04-27T00:04:36Z] RESET [cto] f20baeca-c7a6-4b35-8206-fc57076c4142-topic-8.trajectory.jsonl was 8MB -> archived to f20baeca-c7a6-4b35-8206-fc57076c4142-topic-8.trajectory.20260427T000436Z.jsonl.gz
[2026-04-27T00:04:37Z] RESET [cmo] b1b284c7-4151-4b66-bb66-5c9a49bafd19-topic-7.trajectory.jsonl was 16MB -> archived to b1b284c7-4151-4b66-bb66-5c9a49bafd19-topic-7.trajectory.20260427T000437Z.jsonl.gz
[2026-04-27T00:04:38Z] RESET [cmo] e2803d19-c66e-4ed9-8344-3ca3fa7c64f1-topic-7.trajectory.jsonl was 6MB -> archived to e2803d19-c66e-4ed9-8344-3ca3fa7c64f1-topic-7.trajectory.20260427T000437Z.jsonl.gz
[2026-04-27T00:04:38Z] Done reset=13 skipped=1 errors=0
[2026-04-28T00:05:19Z] RESET [main] 6ef4b6cd-c831-4b8b-a802-56339f271544.trajectory.jsonl was 28MB -> archived to 6ef4b6cd-c831-4b8b-a802-56339f271544.trajectory.20260428T000518Z.jsonl.gz
[2026-04-28T00:05:22Z] RESET [main] 6ef4b6cd-c831-4b8b-a802-56339f271544.jsonl was 7MB -> archived to 6ef4b6cd-c831-4b8b-a802-56339f271544.20260428T000521Z.jsonl.gz
[2026-04-28T00:05:23Z] RESET [hr] cdc8764b-617a-4543-9433-6ae634f9b5d4-topic-9.trajectory.jsonl was 7MB -> archived to cdc8764b-617a-4543-9433-6ae634f9b5d4-topic-9.trajectory.20260428T000523Z.jsonl.gz
[2026-04-28T00:05:25Z] RESET [cto] 99d69070-c0f4-436a-a942-283d0b0a5d20-topic-8.trajectory.jsonl was 4MB -> archived to 99d69070-c0f4-436a-a942-283d0b0a5d20-topic-8.trajectory.20260428T000525Z.jsonl.gz
[2026-04-28T00:05:25Z] SKIP [cto] 377fb76e-9791-42cd-8165-dff5448b6321.jsonl locked by live PID 157924 (1MB)
[2026-04-28T00:05:25Z] RESET [cto] 6d906346-fb20-4499-944d-3172fe370429-topic-8.trajectory.jsonl was 4MB -> archived to 6d906346-fb20-4499-944d-3172fe370429-topic-8.trajectory.20260428T000525Z.jsonl.gz
[2026-04-28T00:05:27Z] RESET [cmo] acd2e90d-d2a9-4528-b444-8aff5d9f6a27-topic-7.trajectory.jsonl was 29MB -> archived to acd2e90d-d2a9-4528-b444-8aff5d9f6a27-topic-7.trajectory.20260428T000526Z.jsonl.gz
[2026-04-28T00:05:28Z] RESET [cmo] e2803d19-c66e-4ed9-8344-3ca3fa7c64f1-topic-7.trajectory.jsonl was 3MB -> archived to e2803d19-c66e-4ed9-8344-3ca3fa7c64f1-topic-7.trajectory.20260428T000528Z.jsonl.gz
[2026-04-28T00:05:29Z] RESET [cmo] acd2e90d-d2a9-4528-b444-8aff5d9f6a27-topic-7.jsonl was 19MB -> archived to acd2e90d-d2a9-4528-b444-8aff5d9f6a27-topic-7.20260428T000528Z.jsonl.gz
[2026-04-28T00:05:29Z] Done reset=8 skipped=1 errors=0
[2026-04-29T00:06:21Z] SKIP [main] 79d095ca-1b1b-46ec-8405-544cd3343f15.jsonl locked by live PID 176254 (2MB)
[2026-04-29T00:06:21Z] RESET [main] fd4a0a4a-f54e-4b89-b575-affb31ac8242.trajectory.jsonl was 19MB -> archived to fd4a0a4a-f54e-4b89-b575-affb31ac8242.trajectory.20260429T000621Z.jsonl.gz
[2026-04-29T00:06:22Z] RESET [main] 79d095ca-1b1b-46ec-8405-544cd3343f15.trajectory.jsonl was 14MB -> archived to 79d095ca-1b1b-46ec-8405-544cd3343f15.trajectory.20260429T000622Z.jsonl.gz
[2026-04-29T00:06:26Z] RESET [hr] cdc8764b-617a-4543-9433-6ae634f9b5d4-topic-9.trajectory.jsonl was 5MB -> archived to cdc8764b-617a-4543-9433-6ae634f9b5d4-topic-9.trajectory.20260429T000626Z.jsonl.gz
[2026-04-29T00:06:27Z] RESET [hr] ce738445-c5d2-491e-a1c3-43dc8d6e2ea4-topic-9.trajectory.jsonl was 5MB -> archived to ce738445-c5d2-491e-a1c3-43dc8d6e2ea4-topic-9.trajectory.20260429T000627Z.jsonl.gz
[2026-04-29T00:06:27Z] SKIP [cto] 683c4b5a-ef6a-4a5e-89e4-3e8d962f7512-topic-8.jsonl locked by live PID 176254 (1MB)
[2026-04-29T00:06:28Z] SKIP [cto] 0cc98236-4b43-4bed-9631-6a1d3bd3cd8b.jsonl locked by live PID 176254 (1MB)
[2026-04-29T00:06:28Z] RESET [cto] 6d906346-fb20-4499-944d-3172fe370429-topic-8.trajectory.jsonl was 5MB -> archived to 6d906346-fb20-4499-944d-3172fe370429-topic-8.trajectory.20260429T000628Z.jsonl.gz
[2026-04-29T00:06:29Z] RESET [cto] 683c4b5a-ef6a-4a5e-89e4-3e8d962f7512-topic-8.trajectory.jsonl was 3MB -> archived to 683c4b5a-ef6a-4a5e-89e4-3e8d962f7512-topic-8.trajectory.20260429T000628Z.jsonl.gz
[2026-04-29T00:06:30Z] RESET [cmo] e2803d19-c66e-4ed9-8344-3ca3fa7c64f1-topic-7.trajectory.jsonl was 5MB -> archived to e2803d19-c66e-4ed9-8344-3ca3fa7c64f1-topic-7.trajectory.20260429T000630Z.jsonl.gz
[2026-04-29T00:06:30Z] Done reset=7 skipped=3 errors=0
[2026-04-30T00:05:29Z] RESET [main] 3bb975ea-7040-492b-a000-7e34a97c4b8b.trajectory.jsonl was 19MB -> archived to 3bb975ea-7040-492b-a000-7e34a97c4b8b.trajectory.20260430T000529Z.jsonl.gz
[2026-04-30T00:05:30Z] SKIP [main] 3bb975ea-7040-492b-a000-7e34a97c4b8b.jsonl locked by live PID 200063 (56MB)
[2026-04-30T00:05:31Z] RESET [main] 137aa5e4-55de-4d0b-aa59-07513287b0ca-topic-10.trajectory.jsonl was 5MB -> archived to 137aa5e4-55de-4d0b-aa59-07513287b0ca-topic-10.trajectory.20260430T000531Z.jsonl.gz
[2026-04-30T00:05:33Z] RESET [hr] cdc8764b-617a-4543-9433-6ae634f9b5d4-topic-9.jsonl was 3MB -> archived to cdc8764b-617a-4543-9433-6ae634f9b5d4-topic-9.20260430T000532Z.jsonl.gz
[2026-04-30T00:05:34Z] RESET [hr] cdc8764b-617a-4543-9433-6ae634f9b5d4-topic-9.trajectory.jsonl was 5MB -> archived to cdc8764b-617a-4543-9433-6ae634f9b5d4-topic-9.trajectory.20260430T000533Z.jsonl.gz
[2026-04-30T00:05:35Z] RESET [cto] 648c1998-4bdb-46dc-b848-fdace439f0db-topic-8.trajectory.jsonl was 3MB -> archived to 648c1998-4bdb-46dc-b848-fdace439f0db-topic-8.trajectory.20260430T000535Z.jsonl.gz
[2026-04-30T00:05:35Z] SKIP [cto] 648c1998-4bdb-46dc-b848-fdace439f0db-topic-8.jsonl locked by live PID 200063 (1MB)
[2026-04-30T00:05:35Z] SKIP [cto] 4e642c7f-41db-4504-bc96-d9cefe1d8102.jsonl locked by live PID 200063 (1MB)
[2026-04-30T00:05:36Z] RESET [cto] 6d906346-fb20-4499-944d-3172fe370429-topic-8.trajectory.jsonl was 5MB -> archived to 6d906346-fb20-4499-944d-3172fe370429-topic-8.trajectory.20260430T000536Z.jsonl.gz
[2026-04-30T00:05:37Z] RESET [cmo] 2fff082e-a981-4ed0-9138-f56b43b512dc-topic-7.trajectory.jsonl was 13MB -> archived to 2fff082e-a981-4ed0-9138-f56b43b512dc-topic-7.trajectory.20260430T000537Z.jsonl.gz
[2026-04-30T00:05:37Z] RESET [cmo] e2803d19-c66e-4ed9-8344-3ca3fa7c64f1-topic-7.jsonl was 3MB -> archived to e2803d19-c66e-4ed9-8344-3ca3fa7c64f1-topic-7.20260430T000537Z.jsonl.gz
[2026-04-30T00:05:38Z] RESET [cmo] 2fff082e-a981-4ed0-9138-f56b43b512dc-topic-7.jsonl was 3MB -> archived to 2fff082e-a981-4ed0-9138-f56b43b512dc-topic-7.20260430T000538Z.jsonl.gz
[2026-04-30T00:05:40Z] RESET [cmo] e2803d19-c66e-4ed9-8344-3ca3fa7c64f1-topic-7.trajectory.jsonl was 4MB -> archived to e2803d19-c66e-4ed9-8344-3ca3fa7c64f1-topic-7.trajectory.20260430T000540Z.jsonl.gz
[2026-04-30T00:05:41Z] Done reset=10 skipped=3 errors=0
[2026-05-01T11:49:58Z] RESET [main] dbb01869-e168-4d7c-b1d7-3cb66563eed4.trajectory.jsonl was 24MB -> archived to dbb01869-e168-4d7c-b1d7-3cb66563eed4.trajectory.20260501T114957Z.jsonl.gz
[2026-05-01T11:49:58Z] SKIP [main] c268cdda-e715-4949-97a1-eb0d41b538f6.jsonl locked by live PID 1247 (3MB)
[2026-05-01T11:50:04Z] RESET [main] 3bb975ea-7040-492b-a000-7e34a97c4b8b.jsonl was 65MB -> archived to 3bb975ea-7040-492b-a000-7e34a97c4b8b.20260501T115001Z.jsonl.gz
[2026-05-01T11:50:06Z] RESET [main] c268cdda-e715-4949-97a1-eb0d41b538f6.trajectory.jsonl was 7MB -> archived to c268cdda-e715-4949-97a1-eb0d41b538f6.trajectory.20260501T115005Z.jsonl.gz
[2026-05-01T11:50:08Z] RESET [hr] cdc8764b-617a-4543-9433-6ae634f9b5d4-topic-9.trajectory.jsonl was 7MB -> archived to cdc8764b-617a-4543-9433-6ae634f9b5d4-topic-9.trajectory.20260501T115008Z.jsonl.gz
[2026-05-01T11:50:09Z] RESET [hr] 9b959a1a-b3f0-437c-aabe-5d3a06612308-topic-9.trajectory.jsonl was 4MB -> archived to 9b959a1a-b3f0-437c-aabe-5d3a06612308-topic-9.trajectory.20260501T115009Z.jsonl.gz
[2026-05-01T11:50:10Z] SKIP [cto] a2a4ff21-dc34-4e16-b272-ef1eb35a1bdb-topic-8.jsonl locked by live PID 1247 (1MB)
[2026-05-01T11:50:10Z] RESET [cto] 6d906346-fb20-4499-944d-3172fe370429-topic-8.trajectory.jsonl was 7MB -> archived to 6d906346-fb20-4499-944d-3172fe370429-topic-8.trajectory.20260501T115010Z.jsonl.gz
[2026-05-01T11:50:11Z] RESET [cto] 0fef1822-e2ba-423c-8078-18965ea48356-topic-8.trajectory.jsonl was 8MB -> archived to 0fef1822-e2ba-423c-8078-18965ea48356-topic-8.trajectory.20260501T115011Z.jsonl.gz
[2026-05-01T11:50:12Z] RESET [cmo] bfb10606-7992-40ea-8a99-31ed6401cceb-topic-7.trajectory.jsonl was 5MB -> archived to bfb10606-7992-40ea-8a99-31ed6401cceb-topic-7.trajectory.20260501T115012Z.jsonl.gz
[2026-05-01T11:50:13Z] RESET [cmo] 8dca236a-9c49-4e9f-9b16-7d3516068082-topic-7.trajectory.jsonl was 6MB -> archived to 8dca236a-9c49-4e9f-9b16-7d3516068082-topic-7.trajectory.20260501T115012Z.jsonl.gz
[2026-05-01T11:50:13Z] RESET [cmo] e2803d19-c66e-4ed9-8344-3ca3fa7c64f1-topic-7.trajectory.jsonl was 6MB -> archived to e2803d19-c66e-4ed9-8344-3ca3fa7c64f1-topic-7.trajectory.20260501T115013Z.jsonl.gz
[2026-05-01T11:50:14Z] Done reset=10 skipped=2 errors=0
[2026-05-02T00:07:38Z] RESET [main] 4b99cb0b-5d71-4363-825a-dfd74982afb2.trajectory.jsonl was 9MB -> archived to 4b99cb0b-5d71-4363-825a-dfd74982afb2.trajectory.20260502T000738Z.jsonl.gz
[2026-05-02T00:07:39Z] RESET [hr] cdc8764b-617a-4543-9433-6ae634f9b5d4-topic-9.trajectory.jsonl was 4MB -> archived to cdc8764b-617a-4543-9433-6ae634f9b5d4-topic-9.trajectory.20260502T000739Z.jsonl.gz
[2026-05-02T00:07:40Z] RESET [hr] 1e0b96b0-896d-4ad2-9f6a-8be1d6900c41-topic-9.trajectory.jsonl was 5MB -> archived to 1e0b96b0-896d-4ad2-9f6a-8be1d6900c41-topic-9.trajectory.20260502T000740Z.jsonl.gz
[2026-05-02T00:07:41Z] SKIP [cto] ba23d3b3-ed57-4bf9-984c-21e5239ba60a-topic-8.jsonl locked by live PID 155172 (1MB)
[2026-05-02T00:07:42Z] SKIP [cto] 3f5bb018-810a-42c3-acba-99ab05f2d5c0.jsonl locked by live PID 155172 (1MB)
[2026-05-02T00:07:43Z] SKIP [cto] a2a4ff21-dc34-4e16-b272-ef1eb35a1bdb-topic-8.jsonl locked by live PID 155172 (1MB)
[2026-05-02T00:07:43Z] RESET [cto] 6d906346-fb20-4499-944d-3172fe370429-topic-8.trajectory.jsonl was 3MB -> archived to 6d906346-fb20-4499-944d-3172fe370429-topic-8.trajectory.20260502T000743Z.jsonl.gz
[2026-05-02T00:07:44Z] RESET [cmo] 1252ab55-740f-43e2-b4e1-4184f2870ba6-topic-7.trajectory.jsonl was 5MB -> archived to 1252ab55-740f-43e2-b4e1-4184f2870ba6-topic-7.trajectory.20260502T000744Z.jsonl.gz
[2026-05-02T00:07:46Z] Done reset=5 skipped=3 errors=0
[2026-05-03T00:08:53Z] RESET [main] aa3330e7-0223-4862-b326-90bdec2b7d4e.trajectory.jsonl was 20MB -> archived to aa3330e7-0223-4862-b326-90bdec2b7d4e.trajectory.20260503T000852Z.jsonl.gz
[2026-05-03T00:08:53Z] RESET [main] aa3330e7-0223-4862-b326-90bdec2b7d4e.jsonl was 4MB -> archived to aa3330e7-0223-4862-b326-90bdec2b7d4e.20260503T000853Z.jsonl.gz
[2026-05-03T00:08:55Z] RESET [hr] cdc8764b-617a-4543-9433-6ae634f9b5d4-topic-9.trajectory.jsonl was 5MB -> archived to cdc8764b-617a-4543-9433-6ae634f9b5d4-topic-9.trajectory.20260503T000855Z.jsonl.gz
[2026-05-03T00:08:58Z] RESET [cto] a2a4ff21-dc34-4e16-b272-ef1eb35a1bdb-topic-8.trajectory.jsonl was 4MB -> archived to a2a4ff21-dc34-4e16-b272-ef1eb35a1bdb-topic-8.trajectory.20260503T000857Z.jsonl.gz
[2026-05-03T00:08:58Z] RESET [cto] 6d906346-fb20-4499-944d-3172fe370429-topic-8.trajectory.jsonl was 5MB -> archived to 6d906346-fb20-4499-944d-3172fe370429-topic-8.trajectory.20260503T000858Z.jsonl.gz
[2026-05-03T00:08:58Z] SKIP [cto] e6c4e3ed-76d8-4964-8518-5797707048ab.jsonl locked by live PID 358054 (1MB)
[2026-05-03T00:08:59Z] RESET [cmo] ec238a44-16a4-4217-afd8-8878a6900898-topic-7.trajectory.jsonl was 10MB -> archived to ec238a44-16a4-4217-afd8-8878a6900898-topic-7.trajectory.20260503T000859Z.jsonl.gz
[2026-05-03T00:09:02Z] RESET [cmo] e2803d19-c66e-4ed9-8344-3ca3fa7c64f1-topic-7.trajectory.jsonl was 7MB -> archived to e2803d19-c66e-4ed9-8344-3ca3fa7c64f1-topic-7.trajectory.20260503T000902Z.jsonl.gz
[2026-05-03T00:09:03Z] RESET [cmo] ec238a44-16a4-4217-afd8-8878a6900898-topic-7.jsonl was 4MB -> archived to ec238a44-16a4-4217-afd8-8878a6900898-topic-7.20260503T000903Z.jsonl.gz
[2026-05-03T00:09:03Z] Done reset=8 skipped=1 errors=0
[2026-05-04T00:06:13Z] RESET [main] 7009a155-b95d-4827-b2c8-2e61b80e3b3a.trajectory.jsonl was 7MB -> archived to 7009a155-b95d-4827-b2c8-2e61b80e3b3a.trajectory.20260504T000613Z.jsonl.gz
[2026-05-04T00:06:15Z] RESET [main] 99c4b687-599a-486b-a056-a20240362420.trajectory.jsonl was 25MB -> archived to 99c4b687-599a-486b-a056-a20240362420.trajectory.20260504T000614Z.jsonl.gz
[2026-05-04T00:06:16Z] RESET [hr] cdc8764b-617a-4543-9433-6ae634f9b5d4-topic-9.trajectory.jsonl was 5MB -> archived to cdc8764b-617a-4543-9433-6ae634f9b5d4-topic-9.trajectory.20260504T000616Z.jsonl.gz
[2026-05-04T00:06:17Z] RESET [cto] 684aaf8e-e5d3-4609-bae9-576684c65f6f-topic-8.trajectory.jsonl was 3MB -> archived to 684aaf8e-e5d3-4609-bae9-576684c65f6f-topic-8.trajectory.20260504T000617Z.jsonl.gz
[2026-05-04T00:06:17Z] SKIP [cto] 684aaf8e-e5d3-4609-bae9-576684c65f6f-topic-8.jsonl locked by live PID 523199 (1MB)
[2026-05-04T00:06:19Z] SKIP [cto] 7e8d34f1-6497-47f5-92a2-b277ad21fb2e.jsonl locked by live PID 523199 (1MB)
[2026-05-04T00:06:19Z] RESET [cto] 6d906346-fb20-4499-944d-3172fe370429-topic-8.trajectory.jsonl was 5MB -> archived to 6d906346-fb20-4499-944d-3172fe370429-topic-8.trajectory.20260504T000619Z.jsonl.gz
[2026-05-04T00:06:20Z] RESET [cmo] 4cc76310-2319-42d6-afb7-e6e6f9c77aa6-topic-7.trajectory.jsonl was 6MB -> archived to 4cc76310-2319-42d6-afb7-e6e6f9c77aa6-topic-7.trajectory.20260504T000620Z.jsonl.gz
[2026-05-04T00:06:23Z] Done reset=6 skipped=2 errors=0
[2026-05-05T00:08:32Z] RESET [main] f02e8c3c-43f6-4cfc-a065-8734ebbf974f.trajectory.jsonl was 3MB -> archived to f02e8c3c-43f6-4cfc-a065-8734ebbf974f.trajectory.20260505T000832Z.jsonl.gz
[2026-05-05T00:08:34Z] RESET [main] 026bf982-e56d-4e07-b770-37af21af094e.trajectory.jsonl was 10MB -> archived to 026bf982-e56d-4e07-b770-37af21af094e.trajectory.20260505T000834Z.jsonl.gz
[2026-05-05T00:08:35Z] RESET [main] 048f9c3c-e8d4-4d5e-8d9c-ba3e92b532cc.trajectory.jsonl was 3MB -> archived to 048f9c3c-e8d4-4d5e-8d9c-ba3e92b532cc.trajectory.20260505T000835Z.jsonl.gz
[2026-05-05T00:08:39Z] RESET [cto] 6d906346-fb20-4499-944d-3172fe370429-topic-8.trajectory.jsonl was 5MB -> archived to 6d906346-fb20-4499-944d-3172fe370429-topic-8.trajectory.20260505T000839Z.jsonl.gz
[2026-05-05T00:08:39Z] SKIP [cto] d318e1be-4840-4c92-bb74-ec6655dd1669-topic-8.jsonl locked by live PID 666809 (1MB)
[2026-05-05T00:08:40Z] SKIP [cto] 0d1d4b7a-f08a-41c4-b275-4eff80a65762.jsonl locked by live PID 666809 (1MB)
[2026-05-05T00:08:43Z] Done reset=4 skipped=2 errors=0
[2026-05-06T04:18:03Z] RESET [main] 8189f672-2e92-4beb-ab40-f44109e00082.trajectory.jsonl was 11MB -> archived to 8189f672-2e92-4beb-ab40-f44109e00082.trajectory.20260506T041803Z.jsonl.gz
[2026-05-06T04:18:04Z] SKIP [main] 9ff9046b-de30-4465-98e8-baa9ee8ea5de.jsonl locked by live PID 875344 (1MB)
[2026-05-06T04:18:08Z] SKIP [cto] f7cfde3b-4602-4a89-98d8-2ad16e4fb51f.jsonl locked by live PID 875344 (1MB)
[2026-05-06T04:18:08Z] SKIP [cto] 227a0dfa-d8e0-4408-8b82-37255bebadbf-topic-8.jsonl locked by live PID 875344 (1MB)
[2026-05-06T04:18:14Z] RESET [cmo] e2803d19-c66e-4ed9-8344-3ca3fa7c64f1-topic-7.trajectory.jsonl was 3MB -> archived to e2803d19-c66e-4ed9-8344-3ca3fa7c64f1-topic-7.trajectory.20260506T041813Z.jsonl.gz
[2026-05-06T04:18:15Z] Done reset=2 skipped=3 errors=0
[2026-05-07T00:08:55Z] RESET [main] 9ff9046b-de30-4465-98e8-baa9ee8ea5de.trajectory.jsonl was 11MB -> archived to 9ff9046b-de30-4465-98e8-baa9ee8ea5de.trajectory.20260507T000854Z.jsonl.gz
[2026-05-07T00:08:55Z] RESET [main] 34961b17-af8c-4591-bff3-ff3d4818c673.trajectory.jsonl was 3MB -> archived to 34961b17-af8c-4591-bff3-ff3d4818c673.trajectory.20260507T000855Z.jsonl.gz
[2026-05-07T00:08:57Z] RESET [hr] f5b1c096-bd44-45ea-b290-70f7a91973a1-topic-9.trajectory.jsonl was 4MB -> archived to f5b1c096-bd44-45ea-b290-70f7a91973a1-topic-9.trajectory.20260507T000857Z.jsonl.gz
[2026-05-07T00:08:59Z] SKIP [cto] 0ee1dbe6-1da4-4ff5-9182-e101109d006e.jsonl locked by live PID 989568 (1MB)
[2026-05-07T00:09:06Z] Done reset=3 skipped=1 errors=0
[2026-05-08T00:09:24Z] RESET [main] 57cc4f3a-c43e-47a9-9cbb-4dccda76448a.trajectory.jsonl was 11MB -> archived to 57cc4f3a-c43e-47a9-9cbb-4dccda76448a.trajectory.20260508T000924Z.jsonl.gz
[2026-05-08T00:09:32Z] SKIP [cto] a1dad126-ef2d-49b6-851b-65832e0b95a6.jsonl locked by live PID 1156161 (1MB)
[2026-05-08T00:09:37Z] RESET [cmo] a315bd8e-da38-4950-8c8b-4634be9a2ec8-topic-7.trajectory.jsonl was 4MB -> archived to a315bd8e-da38-4950-8c8b-4634be9a2ec8-topic-7.trajectory.20260508T000937Z.jsonl.gz
[2026-05-08T00:09:38Z] Done reset=2 skipped=1 errors=0
[2026-05-09T00:09:33Z] RESET [main] f3de4954-b75b-4ded-b76a-493c9c7b124d.trajectory.jsonl was 6MB -> archived to f3de4954-b75b-4ded-b76a-493c9c7b124d.trajectory.20260509T000933Z.jsonl.gz
[2026-05-09T00:09:34Z] RESET [main] 30640bcc-c0fa-4a8d-a846-6dd881199db2.trajectory.jsonl was 7MB -> archived to 30640bcc-c0fa-4a8d-a846-6dd881199db2.trajectory.20260509T000933Z.jsonl.gz
[2026-05-09T00:09:34Z] RESET [main] 57cc4f3a-c43e-47a9-9cbb-4dccda76448a.trajectory.jsonl was 5MB -> archived to 57cc4f3a-c43e-47a9-9cbb-4dccda76448a.trajectory.20260509T000934Z.jsonl.gz
[2026-05-09T00:09:35Z] RESET [main] 57cc4f3a-c43e-47a9-9cbb-4dccda76448a.jsonl was 3MB -> archived to 57cc4f3a-c43e-47a9-9cbb-4dccda76448a.20260509T000935Z.jsonl.gz
[2026-05-09T00:09:41Z] SKIP [cto] 3f967e7b-d3f1-43be-babe-b9e945b7c5a1.jsonl locked by live PID 1156161 (1MB)
[2026-05-09T00:09:47Z] Done reset=4 skipped=1 errors=0
[2026-05-10T00:10:33Z] RESET [main] 972f33e7-b01d-4b74-9ff4-1de013943832.trajectory.jsonl was 6MB -> archived to 972f33e7-b01d-4b74-9ff4-1de013943832.trajectory.20260510T001033Z.jsonl.gz
[2026-05-10T00:10:40Z] SKIP [cto] 8fe37e25-bec7-4aeb-9ca4-5db17a24f988.jsonl locked by live PID 1156161 (1MB)
[2026-05-10T00:10:48Z] Done reset=1 skipped=1 errors=0
[2026-05-11T00:07:59Z] RESET [main] 002780b8-6326-41f5-8930-04bbec6e6fe2.trajectory.jsonl was 10MB -> archived to 002780b8-6326-41f5-8930-04bbec6e6fe2.trajectory.20260511T000759Z.jsonl.gz
[2026-05-11T00:08:06Z] RESET [hr] 2b782613-63b7-453a-a5fa-bdd9949db64d-topic-9.trajectory.jsonl was 3MB -> archived to 2b782613-63b7-453a-a5fa-bdd9949db64d-topic-9.trajectory.20260511T000806Z.jsonl.gz
[2026-05-11T00:08:09Z] SKIP [cto] 4f9f1f17-dd75-4db0-80e3-7a68f0af6aef.jsonl locked by live PID 1156161 (1MB)
[2026-05-11T00:08:10Z] SKIP [cto] 09ffa6ce-6491-4ca4-86da-167137601811-topic-8.jsonl locked by live PID 1156161 (1MB)
[2026-05-11T00:08:19Z] Done reset=2 skipped=2 errors=0
[2026-05-12T00:10:51Z] RESET [main] 633b2a90-8c95-4db6-9709-55810eb9aded.trajectory.jsonl was 11MB -> archived to 633b2a90-8c95-4db6-9709-55810eb9aded.trajectory.20260512T001051Z.jsonl.gz
[2026-05-12T00:10:55Z] RESET [hr] 8d0db580-dd3b-41c7-80d1-17c4bf02a2a7-topic-9.trajectory.jsonl was 11MB -> archived to 8d0db580-dd3b-41c7-80d1-17c4bf02a2a7-topic-9.trajectory.20260512T001055Z.jsonl.gz
[2026-05-12T00:10:56Z] RESET [hr] 200cddf4-c9ab-43c3-b47f-053e21d542b4-topic-9.trajectory.jsonl was 4MB -> archived to 200cddf4-c9ab-43c3-b47f-053e21d542b4-topic-9.trajectory.20260512T001055Z.jsonl.gz
[2026-05-12T00:11:01Z] SKIP [cto] 6ba79666-31bb-4889-8448-74d0f69307c2.jsonl locked by live PID 1156161 (1MB)
[2026-05-12T00:11:05Z] RESET [cmo] 3db0a58f-b99b-4eed-bb35-f2d16a79eca5-topic-7.trajectory.jsonl was 4MB -> archived to 3db0a58f-b99b-4eed-bb35-f2d16a79eca5-topic-7.trajectory.20260512T001105Z.jsonl.gz
[2026-05-12T00:11:09Z] RESET [cmo] e12e1fe9-3aa1-494c-8ee6-b74d54b3e790-topic-7.trajectory.jsonl was 7MB -> archived to e12e1fe9-3aa1-494c-8ee6-b74d54b3e790-topic-7.trajectory.20260512T001108Z.jsonl.gz
[2026-05-12T00:11:10Z] Done reset=5 skipped=1 errors=0
[2026-05-13T00:06:47Z] RESET [main] 2a63d6f6-b070-40cb-b2d2-d86506fc64c2.trajectory.jsonl was 7MB -> archived to 2a63d6f6-b070-40cb-b2d2-d86506fc64c2.trajectory.20260513T000647Z.jsonl.gz
[2026-05-13T00:06:57Z] SKIP [cto] afcf1ceb-70a2-4146-b0a7-c032c71b99b7.jsonl locked by live PID 1849672 (1MB)
[2026-05-13T00:07:04Z] Done reset=1 skipped=1 errors=0
[2026-05-14T00:08:14Z] RESET [main] a249fca9-2e08-4d39-b49b-eeed19f84c53.trajectory.jsonl was 10MB -> archived to a249fca9-2e08-4d39-b49b-eeed19f84c53.trajectory.20260514T000814Z.jsonl.gz
[2026-05-14T00:08:17Z] RESET [hr] 3fa9c955-3bc7-4765-b1b7-8e5e5f1704f9-topic-9.trajectory.jsonl was 4MB -> archived to 3fa9c955-3bc7-4765-b1b7-8e5e5f1704f9-topic-9.trajectory.20260514T000817Z.jsonl.gz
[2026-05-14T00:08:22Z] SKIP [cto] ac60d0f3-d9b7-4658-abe5-851d14ef0e90-topic-8.jsonl locked by live PID 1849672 (1MB)
[2026-05-14T00:08:23Z] SKIP [cto] 25584f9d-f110-41bb-af90-bffb26dd9787.jsonl locked by live PID 1849672 (1MB)
[2026-05-14T00:08:31Z] Done reset=2 skipped=2 errors=0
[2026-05-15T00:10:29Z] RESET [main] 9c768226-7f0c-4051-9924-d1fc87b4173d.trajectory.jsonl was 11MB -> archived to 9c768226-7f0c-4051-9924-d1fc87b4173d.trajectory.20260515T001028Z.jsonl.gz
[2026-05-15T00:10:36Z] RESET [hr] 4de58197-60c8-4097-bbd3-a3846f7afd36-topic-9.trajectory.jsonl was 5MB -> archived to 4de58197-60c8-4097-bbd3-a3846f7afd36-topic-9.trajectory.20260515T001036Z.jsonl.gz
[2026-05-15T00:10:42Z] RESET [cmo] 3858eb67-40ae-4cd6-b720-b14d5df195c5-topic-7.trajectory.jsonl was 5MB -> archived to 3858eb67-40ae-4cd6-b720-b14d5df195c5-topic-7.trajectory.20260515T001042Z.jsonl.gz
[2026-05-15T00:10:49Z] Done reset=3 skipped=0 errors=0
[2026-05-16T00:08:54Z] RESET [main] 4af8eb4f-0cee-46d9-b7a5-cfdfbe7c5c50.trajectory.jsonl was 3MB -> archived to 4af8eb4f-0cee-46d9-b7a5-cfdfbe7c5c50.trajectory.20260516T000854Z.jsonl.gz
[2026-05-16T00:08:58Z] RESET [main] 71fddbfd-7c03-46dd-99be-4660c3e8875a.trajectory.jsonl was 5MB -> archived to 71fddbfd-7c03-46dd-99be-4660c3e8875a.trajectory.20260516T000858Z.jsonl.gz
[2026-05-16T00:09:16Z] Done reset=2 skipped=0 errors=0
[2026-05-17T00:13:39Z] RESET [main] 6e07463b-8e70-4edc-bc8d-fbe760101e94.trajectory.jsonl was 4MB -> archived to 6e07463b-8e70-4edc-bc8d-fbe760101e94.trajectory.20260517T001339Z.jsonl.gz
[2026-05-17T00:13:42Z] RESET [main] 6786f789-2f02-4214-afc9-69f53c2e3854.trajectory.jsonl was 3MB -> archived to 6786f789-2f02-4214-afc9-69f53c2e3854.trajectory.20260517T001342Z.jsonl.gz
[2026-05-17T00:13:50Z] RESET [cto] 4760cbaf-85c2-4fa2-b4dc-097c1cae7025-topic-8.trajectory.jsonl was 3MB -> archived to 4760cbaf-85c2-4fa2-b4dc-097c1cae7025-topic-8.trajectory.20260517T001350Z.jsonl.gz
[2026-05-17T00:14:03Z] Done reset=3 skipped=0 errors=0
[2026-05-18T00:09:40Z] Done reset=0 skipped=0 errors=0
[2026-05-19T00:08:02Z] Done reset=0 skipped=0 errors=0
[2026-05-20T00:08:05Z] RESET [main] 867bf7a5-deb3-4023-ae31-49bdfea0750b.trajectory.jsonl was 5MB -> archived to 867bf7a5-deb3-4023-ae31-49bdfea0750b.trajectory.20260520T000805Z.jsonl.gz
[2026-05-20T00:08:24Z] Done reset=1 skipped=0 errors=0
[2026-05-21T00:10:45Z] RESET [main] 58856472-1cdf-4653-86e6-2fc5614c97ac.trajectory.jsonl was 3MB -> archived to 58856472-1cdf-4653-86e6-2fc5614c97ac.trajectory.20260521T001045Z.jsonl.gz
[2026-05-21T00:10:53Z] RESET [main] 50c87292-8d71-41bb-b940-44a2b21edcb8.trajectory.jsonl was 4MB -> archived to 50c87292-8d71-41bb-b940-44a2b21edcb8.trajectory.20260521T001053Z.jsonl.gz
[2026-05-21T00:10:58Z] RESET [hr] 9a69c55b-2ebc-429d-b8e6-44a7b11a09de-topic-9.trajectory.jsonl was 4MB -> archived to 9a69c55b-2ebc-429d-b8e6-44a7b11a09de-topic-9.trajectory.20260521T001058Z.jsonl.gz
[2026-05-21T00:11:14Z] Done reset=3 skipped=0 errors=0
[2026-05-22T00:09:06Z] RESET [main] 32146650-480e-4899-a31d-06259384bb23.trajectory.jsonl was 7MB -> archived to 32146650-480e-4899-a31d-06259384bb23.trajectory.20260522T000906Z.jsonl.gz
[2026-05-22T00:09:20Z] RESET [hr] d3f33a8b-8936-4216-a002-92c0de79bc58-topic-9.trajectory.jsonl was 18MB -> archived to d3f33a8b-8936-4216-a002-92c0de79bc58-topic-9.trajectory.20260522T000920Z.jsonl.gz
[2026-05-22T00:09:38Z] Done reset=2 skipped=0 errors=0
[2026-05-23T00:08:51Z] RESET [hr] a44f7962-1801-436d-8136-3d9b132cc5f3-topic-9.trajectory.jsonl was 8MB -> archived to a44f7962-1801-436d-8136-3d9b132cc5f3-topic-9.trajectory.20260523T000851Z.jsonl.gz
[2026-05-23T00:09:23Z] Done reset=1 skipped=0 errors=0
[2026-05-24T00:09:21Z] RESET [main] 88c3601a-1fb6-4376-b96a-4712e774ae4b.trajectory.jsonl was 7MB -> archived to 88c3601a-1fb6-4376-b96a-4712e774ae4b.trajectory.20260524T000920Z.jsonl.gz
[2026-05-24T00:09:37Z] RESET [hr] a44f7962-1801-436d-8136-3d9b132cc5f3-topic-9.trajectory.jsonl was 10MB -> archived to a44f7962-1801-436d-8136-3d9b132cc5f3-topic-9.trajectory.20260524T000937Z.jsonl.gz
[2026-05-24T00:09:56Z] RESET [cmo] d6ba57e7-4d40-4ece-b503-d02eab28d116-topic-7.trajectory.jsonl was 6MB -> archived to d6ba57e7-4d40-4ece-b503-d02eab28d116-topic-7.trajectory.20260524T000956Z.jsonl.gz
[2026-05-24T00:09:58Z] Done reset=3 skipped=0 errors=0
[2026-05-25T01:13:19Z] RESET [main] 0b896701-7a8e-4dfe-9530-66b41ca9c8aa.trajectory.jsonl was 3MB -> archived to 0b896701-7a8e-4dfe-9530-66b41ca9c8aa.trajectory.20260525T011319Z.jsonl.gz
[2026-05-25T01:13:23Z] RESET [main] 39382a16-f62f-411b-8428-f126a0f0c376.trajectory.jsonl was 7MB -> archived to 39382a16-f62f-411b-8428-f126a0f0c376.trajectory.20260525T011323Z.jsonl.gz
[2026-05-25T01:13:29Z] RESET [hr] e7d4f70b-77f9-4d38-9f4c-1d3f7ae1477c-topic-9.trajectory.jsonl was 4MB -> archived to e7d4f70b-77f9-4d38-9f4c-1d3f7ae1477c-topic-9.trajectory.20260525T011329Z.jsonl.gz
[2026-05-25T01:13:32Z] RESET [hr] 41532370-f378-4222-8184-a25524f3922d-topic-9.trajectory.jsonl was 3MB -> archived to 41532370-f378-4222-8184-a25524f3922d-topic-9.trajectory.20260525T011332Z.jsonl.gz
[2026-05-25T01:13:36Z] RESET [cto] cac10569-0540-4f28-aef3-1f01344f1cd8-topic-8.trajectory.jsonl was 4MB -> archived to cac10569-0540-4f28-aef3-1f01344f1cd8-topic-8.trajectory.20260525T011336Z.jsonl.gz
[2026-05-25T01:14:06Z] RESET [cmo] c9f44e76-7a48-4d03-8b65-0602c955f864-topic-7.trajectory.jsonl was 3MB -> archived to c9f44e76-7a48-4d03-8b65-0602c955f864-topic-7.trajectory.20260525T011406Z.jsonl.gz
[2026-05-25T01:14:07Z] Done reset=6 skipped=0 errors=0
[2026-05-27T00:40:38Z] RESET [main] 17bc9567-7650-4e6a-b803-c73fd99ab0f5-topic-10.trajectory.jsonl was 3MB -> archived to 17bc9567-7650-4e6a-b803-c73fd99ab0f5-topic-10.trajectory.20260527T004038Z.jsonl.gz
[2026-05-27T00:40:39Z] RESET [main] ab181cca-e4dd-44a1-a111-33a08e0caff8.trajectory.jsonl was 4MB -> archived to ab181cca-e4dd-44a1-a111-33a08e0caff8.trajectory.20260527T004039Z.jsonl.gz
[2026-05-27T00:40:45Z] RESET [main] 302b75f5-4f31-4b03-946f-0a673ac405d8-topic-10.trajectory.jsonl was 3MB -> archived to 302b75f5-4f31-4b03-946f-0a673ac405d8-topic-10.trajectory.20260527T004045Z.jsonl.gz
[2026-05-27T00:40:48Z] RESET [main] 40cdf292-47ab-4a80-bf59-6b8c169e325f.trajectory.jsonl was 4MB -> archived to 40cdf292-47ab-4a80-bf59-6b8c169e325f.trajectory.20260527T004048Z.jsonl.gz
[2026-05-27T00:40:53Z] RESET [main] 0cfe553c-db91-487c-833b-d8142916dd02.trajectory.jsonl was 5MB -> archived to 0cfe553c-db91-487c-833b-d8142916dd02.trajectory.20260527T004052Z.jsonl.gz
[2026-05-27T00:40:59Z] RESET [hr] 2d4ac719-c8b2-4589-b8e4-4ea9337f5580-topic-9.trajectory.jsonl was 3MB -> archived to 2d4ac719-c8b2-4589-b8e4-4ea9337f5580-topic-9.trajectory.20260527T004059Z.jsonl.gz
[2026-05-27T00:40:59Z] RESET [hr] 957622a3-60dd-41bb-9abb-d52cf7f22551-topic-9.trajectory.jsonl was 4MB -> archived to 957622a3-60dd-41bb-9abb-d52cf7f22551-topic-9.trajectory.20260527T004059Z.jsonl.gz
[2026-05-27T00:41:00Z] RESET [hr] 9d52586b-20f2-42b0-969a-2b7b3eb7e902-topic-9.trajectory.jsonl was 5MB -> archived to 9d52586b-20f2-42b0-969a-2b7b3eb7e902-topic-9.trajectory.20260527T004100Z.jsonl.gz
[2026-05-27T00:41:04Z] RESET [cto] 01633ea0-ec38-4866-b5b4-723d752889fd-topic-8.trajectory.jsonl was 5MB -> archived to 01633ea0-ec38-4866-b5b4-723d752889fd-topic-8.trajectory.20260527T004104Z.jsonl.gz
[2026-05-27T00:41:12Z] RESET [cmo] ceaa78e3-5c7d-4a7a-a2f4-0ef525386b70-topic-7.trajectory.jsonl was 4MB -> archived to ceaa78e3-5c7d-4a7a-a2f4-0ef525386b70-topic-7.trajectory.20260527T004112Z.jsonl.gz
[2026-05-27T00:41:20Z] RESET [cmo] e2bf7025-ff74-47a9-a7e0-2c886c581a2e-topic-7.trajectory.jsonl was 8MB -> archived to e2bf7025-ff74-47a9-a7e0-2c886c581a2e-topic-7.trajectory.20260527T004120Z.jsonl.gz
[2026-05-27T00:41:21Z] RESET [cmo] 4972935d-99db-4720-a970-67b3c4b6914f.trajectory.jsonl was 3MB -> archived to 4972935d-99db-4720-a970-67b3c4b6914f.trajectory.20260527T004121Z.jsonl.gz
[2026-05-27T00:41:23Z] Done reset=12 skipped=0 errors=0
[2026-05-27T00:42:08Z] Done reset=0 skipped=0 errors=0
[2026-05-27T23:55:43Z] RESET [main] def6ee01-86d7-4c19-8597-590b10924e6a.trajectory.jsonl was 3MB -> archived to def6ee01-86d7-4c19-8597-590b10924e6a.trajectory.20260527T235543Z.jsonl.gz
[2026-05-27T23:55:56Z] RESET [main] ebb69822-46b8-48b5-8088-30b1d40a5462.trajectory.jsonl was 5MB -> archived to ebb69822-46b8-48b5-8088-30b1d40a5462.trajectory.20260527T235555Z.jsonl.gz
[2026-05-27T23:56:08Z] RESET [hr] 15368bc6-dddd-4b63-8d34-6ff256bef220-topic-9.trajectory.jsonl was 3MB -> archived to 15368bc6-dddd-4b63-8d34-6ff256bef220-topic-9.trajectory.20260527T235608Z.jsonl.gz
[2026-05-27T23:56:10Z] RESET [hr] d8404ee9-bf23-4d33-aef6-c094e8d432b4-topic-9.trajectory.jsonl was 5MB -> archived to d8404ee9-bf23-4d33-aef6-c094e8d432b4-topic-9.trajectory.20260527T235610Z.jsonl.gz
[2026-05-27T23:56:22Z] RESET [cmo] d5a1b704-4cce-499f-bbf5-45513b002456-topic-7.trajectory.jsonl was 3MB -> archived to d5a1b704-4cce-499f-bbf5-45513b002456-topic-7.trajectory.20260527T235622Z.jsonl.gz
[2026-05-27T23:56:38Z] Done reset=5 skipped=0 errors=0
[2026-05-29T15:00:47Z] RESET [main] 42cccd3d-b2a1-4c9a-a8b2-2d1061292a56.trajectory.jsonl was 3MB -> archived to 42cccd3d-b2a1-4c9a-a8b2-2d1061292a56.trajectory.20260529T150046Z.jsonl.gz
[2026-05-29T15:01:34Z] RESET [main] 5a035449-b920-4743-9c62-0c9e8f39a5d0.trajectory.jsonl was 7MB -> archived to 5a035449-b920-4743-9c62-0c9e8f39a5d0.trajectory.20260529T150134Z.jsonl.gz
[2026-05-29T15:01:48Z] RESET [hr] b2c8fcbb-5e52-460b-b77a-c0fabfc01413-topic-9.trajectory.jsonl was 3MB -> archived to b2c8fcbb-5e52-460b-b77a-c0fabfc01413-topic-9.trajectory.20260529T150148Z.jsonl.gz
[2026-05-29T15:02:28Z] RESET [cmo] 05b50af2-a929-4d4e-ac0c-69ff37e39efc-topic-7.trajectory.jsonl was 4MB -> archived to 05b50af2-a929-4d4e-ac0c-69ff37e39efc-topic-7.trajectory.20260529T150227Z.jsonl.gz
[2026-05-29T15:02:35Z] RESET [cmo] 21f4226b-78ef-423f-9c35-248ea8e99eec-topic-7.trajectory.jsonl was 3MB -> archived to 21f4226b-78ef-423f-9c35-248ea8e99eec-topic-7.trajectory.20260529T150234Z.jsonl.gz
[2026-05-29T15:05:07Z] Done reset=0 skipped=0 errors=0
[2026-05-29T17:01:37Z] RESET [hr] b4854c25-07a7-48e6-a1e0-ba68c310f00a-topic-9.trajectory.jsonl was 4MB -> archived to b4854c25-07a7-48e6-a1e0-ba68c310f00a-topic-9.trajectory.20260529T170137Z.jsonl.gz
[2026-05-29T17:02:27Z] Done reset=1 skipped=0 errors=0
[2026-05-29T23:55:46Z] RESET [hr] 96e8b67b-5090-464f-b5f5-38799dae864d-topic-9.trajectory.jsonl was 5MB -> archived to 96e8b67b-5090-464f-b5f5-38799dae864d-topic-9.trajectory.20260529T235546Z.jsonl.gz
[2026-05-29T23:55:47Z] RESET [cto] 048782cb-1a15-4b05-ac96-7bdd79cfa041-topic-8.trajectory.jsonl was 3MB -> archived to 048782cb-1a15-4b05-ac96-7bdd79cfa041-topic-8.trajectory.20260529T235547Z.jsonl.gz
[2026-05-29T23:55:50Z] RESET [cto] 405fa3f6-4ba7-4fae-83b5-55e5b99182eb-topic-8.trajectory.jsonl was 3MB -> archived to 405fa3f6-4ba7-4fae-83b5-55e5b99182eb-topic-8.trajectory.20260529T235550Z.jsonl.gz
[2026-05-29T23:56:10Z] Done reset=3 skipped=0 errors=0
[2026-05-30T23:55:49Z] RESET [main] 40737de5-b31a-4811-b51b-04336282d7fb.trajectory.jsonl was 5MB -> archived to 40737de5-b31a-4811-b51b-04336282d7fb.trajectory.20260530T235549Z.jsonl.gz
[2026-05-30T23:55:52Z] RESET [hr] cf850f96-a8ac-4af7-88ad-cf5824c3c10d-topic-9.trajectory.jsonl was 4MB -> archived to cf850f96-a8ac-4af7-88ad-cf5824c3c10d-topic-9.trajectory.20260530T235552Z.jsonl.gz
[2026-05-30T23:55:53Z] RESET [hr] 76fa1475-edc4-4498-afeb-2fd67ebadf61-topic-9.trajectory.jsonl was 3MB -> archived to 76fa1475-edc4-4498-afeb-2fd67ebadf61-topic-9.trajectory.20260530T235553Z.jsonl.gz
[2026-05-30T23:55:54Z] RESET [hr] 7b38388f-822a-4d93-90cc-56fd2471c77e-topic-9.trajectory.jsonl was 3MB -> archived to 7b38388f-822a-4d93-90cc-56fd2471c77e-topic-9.trajectory.20260530T235554Z.jsonl.gz
[2026-05-30T23:56:22Z] Done reset=4 skipped=0 errors=0
[2026-05-31T16:14:31Z] RESET [main] 38b99822-62a5-454f-b9ad-7846d960e4bf.trajectory.jsonl was 3MB -> archived to 38b99822-62a5-454f-b9ad-7846d960e4bf.trajectory.20260531T161431Z.jsonl.gz
[2026-05-31T16:14:44Z] RESET [hr] 8d305f19-f6b5-4786-af72-c6a57840707f-topic-9.trajectory.jsonl was 9MB -> archived to 8d305f19-f6b5-4786-af72-c6a57840707f-topic-9.trajectory.20260531T161443Z.jsonl.gz
[2026-05-31T16:14:56Z] RESET [cmo] 80dd3dde-c041-4ca1-affa-6fe117480a02-topic-7.trajectory.jsonl was 4MB -> archived to 80dd3dde-c041-4ca1-affa-6fe117480a02-topic-7.trajectory.20260531T161456Z.jsonl.gz
[2026-05-31T16:15:12Z] RESET [jobzoom] b1553ca1-e19d-4aa0-b190-bd56343fd1fb-topic-5247.trajectory.jsonl was 4MB -> archived to b1553ca1-e19d-4aa0-b190-bd56343fd1fb-topic-5247.trajectory.20260531T161511Z.jsonl.gz
[2026-05-31T16:15:15Z] RESET [jobzoom] 77e43866-07c4-43bc-9a74-d59a4837b33d-topic-5247.trajectory.jsonl was 3MB -> archived to 77e43866-07c4-43bc-9a74-d59a4837b33d-topic-5247.trajectory.20260531T161515Z.jsonl.gz
[2026-05-31T16:15:30Z] Done reset=5 skipped=0 errors=0
[2026-05-31T16:53:30Z] Done reset=0 skipped=0 errors=0
[2026-05-31T18:56:30Z] Done reset=0 skipped=0 errors=0
[2026-05-31T21:55:53Z] RESET [hr] 8d305f19-f6b5-4786-af72-c6a57840707f-topic-9.trajectory.jsonl was 5MB -> archived to 8d305f19-f6b5-4786-af72-c6a57840707f-topic-9.trajectory.20260531T215553Z.jsonl.gz
[2026-05-31T21:56:38Z] Done reset=1 skipped=0 errors=0
[2026-06-01T00:55:42Z] RESET [hr] 8d305f19-f6b5-4786-af72-c6a57840707f-topic-9.jsonl was 6MB -> archived to 8d305f19-f6b5-4786-af72-c6a57840707f-topic-9.20260601T005542Z.jsonl.gz
[2026-06-01T00:55:43Z] RESET [hr] 8d305f19-f6b5-4786-af72-c6a57840707f-topic-9.trajectory.jsonl was 3MB -> archived to 8d305f19-f6b5-4786-af72-c6a57840707f-topic-9.trajectory.20260601T005543Z.jsonl.gz
[2026-06-01T00:56:28Z] Done reset=2 skipped=0 errors=0
[2026-06-01T03:55:48Z] RESET [hr] bdc20f34-c928-40c2-bee2-87a25aa3e93e-topic-9.trajectory.jsonl was 3MB -> archived to bdc20f34-c928-40c2-bee2-87a25aa3e93e-topic-9.trajectory.20260601T035548Z.jsonl.gz
[2026-06-01T03:56:35Z] Done reset=1 skipped=0 errors=0
[2026-06-01T06:56:32Z] Done reset=0 skipped=0 errors=0
[2026-06-01T09:56:18Z] RESET [cmo] ae9499bc-6855-47d3-b5c8-ecd93b6ccb95-topic-7.trajectory.jsonl was 4MB -> archived to ae9499bc-6855-47d3-b5c8-ecd93b6ccb95-topic-7.trajectory.20260601T095618Z.jsonl.gz
[2026-06-01T09:56:49Z] Done reset=1 skipped=0 errors=0
[2026-06-01T12:55:53Z] RESET [hr] bdc20f34-c928-40c2-bee2-87a25aa3e93e-topic-9.trajectory.jsonl was 5MB -> archived to bdc20f34-c928-40c2-bee2-87a25aa3e93e-topic-9.trajectory.20260601T125552Z.jsonl.gz
[2026-06-01T12:56:41Z] Done reset=1 skipped=0 errors=0
[2026-06-01T15:55:52Z] RESET [hr] bdc20f34-c928-40c2-bee2-87a25aa3e93e-topic-9.trajectory.jsonl was 3MB -> archived to bdc20f34-c928-40c2-bee2-87a25aa3e93e-topic-9.trajectory.20260601T155552Z.jsonl.gz
[2026-06-01T15:56:38Z] Done reset=1 skipped=0 errors=0
[2026-06-01T18:56:13Z] RESET [cmo] ae9499bc-6855-47d3-b5c8-ecd93b6ccb95-topic-7.trajectory.jsonl was 3MB -> archived to ae9499bc-6855-47d3-b5c8-ecd93b6ccb95-topic-7.trajectory.20260601T185613Z.jsonl.gz
[2026-06-01T18:56:41Z] Done reset=1 skipped=0 errors=0
[2026-06-01T21:55:17Z] RESET [main] 1221e2ef-969d-413a-9ec7-6a3debd65e35.trajectory.jsonl was 3MB -> archived to 1221e2ef-969d-413a-9ec7-6a3debd65e35.trajectory.20260601T215517Z.jsonl.gz
[2026-06-01T21:56:34Z] Done reset=1 skipped=0 errors=0
[2026-06-02T00:56:36Z] Done reset=0 skipped=0 errors=0
[2026-06-02T03:56:37Z] Done reset=0 skipped=0 errors=0
[2026-06-02T06:55:49Z] RESET [hr] 55abd2b2-ce3f-4c15-83c5-9df949df3b0e-topic-9.trajectory.jsonl was 4MB -> archived to 55abd2b2-ce3f-4c15-83c5-9df949df3b0e-topic-9.trajectory.20260602T065549Z.jsonl.gz
[2026-06-02T06:56:43Z] Done reset=1 skipped=0 errors=0
[2026-06-02T09:55:38Z] RESET [main] d62f255d-09d9-409b-ad2e-6cded25cdf9a.trajectory.jsonl was 3MB -> archived to d62f255d-09d9-409b-ad2e-6cded25cdf9a.trajectory.20260602T095538Z.jsonl.gz
[2026-06-02T09:55:50Z] RESET [hr] 55abd2b2-ce3f-4c15-83c5-9df949df3b0e-topic-9.trajectory.jsonl was 4MB -> archived to 55abd2b2-ce3f-4c15-83c5-9df949df3b0e-topic-9.trajectory.20260602T095550Z.jsonl.gz
[2026-06-02T09:55:52Z] RESET [hr] 31f2ee6d-72d7-4103-8e83-5a1b5a393cc8-topic-9.trajectory.jsonl was 3MB -> archived to 31f2ee6d-72d7-4103-8e83-5a1b5a393cc8-topic-9.trajectory.20260602T095552Z.jsonl.gz
[2026-06-02T09:56:44Z] Done reset=3 skipped=0 errors=0
[2026-06-02T12:55:53Z] RESET [hr] 55abd2b2-ce3f-4c15-83c5-9df949df3b0e-topic-9.trajectory.jsonl was 5MB -> archived to 55abd2b2-ce3f-4c15-83c5-9df949df3b0e-topic-9.trajectory.20260602T125553Z.jsonl.gz
[2026-06-02T12:56:49Z] Done reset=1 skipped=0 errors=0
[2026-06-02T15:56:37Z] Done reset=0 skipped=0 errors=0
[2026-06-02T18:55:50Z] RESET [hr] 55abd2b2-ce3f-4c15-83c5-9df949df3b0e-topic-9.trajectory.jsonl was 4MB -> archived to 55abd2b2-ce3f-4c15-83c5-9df949df3b0e-topic-9.trajectory.20260602T185550Z.jsonl.gz
[2026-06-02T18:56:47Z] Done reset=1 skipped=0 errors=0
[2026-06-02T21:55:52Z] RESET [hr] 55abd2b2-ce3f-4c15-83c5-9df949df3b0e-topic-9.trajectory.jsonl was 3MB -> archived to 55abd2b2-ce3f-4c15-83c5-9df949df3b0e-topic-9.trajectory.20260602T215552Z.jsonl.gz
[2026-06-02T21:56:46Z] Done reset=1 skipped=0 errors=0
[2026-06-03T00:55:16Z] RESET [main] 2504fb1d-04e0-4770-bd3f-05ddcc34d545.trajectory.jsonl was 3MB -> archived to 2504fb1d-04e0-4770-bd3f-05ddcc34d545.trajectory.20260603T005516Z.jsonl.gz
[2026-06-03T00:55:48Z] RESET [hr] 55abd2b2-ce3f-4c15-83c5-9df949df3b0e-topic-9.trajectory.jsonl was 3MB -> archived to 55abd2b2-ce3f-4c15-83c5-9df949df3b0e-topic-9.trajectory.20260603T005548Z.jsonl.gz
[2026-06-03T00:56:45Z] Done reset=2 skipped=0 errors=0
[2026-06-03T03:56:33Z] Done reset=0 skipped=0 errors=0
[2026-06-03T06:56:42Z] Done reset=0 skipped=0 errors=0
[2026-06-03T07:00:24Z] Done reset=0 skipped=0 errors=0
[2026-06-03T09:56:38Z] Done reset=0 skipped=0 errors=0
[2026-06-03T12:55:57Z] RESET [hr] 77375bfa-2472-47c3-bf6f-d533414eba52-topic-9.trajectory.jsonl was 5MB -> archived to 77375bfa-2472-47c3-bf6f-d533414eba52-topic-9.trajectory.20260603T125557Z.jsonl.gz
[2026-06-03T12:56:50Z] Done reset=1 skipped=0 errors=0
[2026-06-03T15:56:40Z] Done reset=0 skipped=0 errors=0
[2026-06-03T18:56:13Z] RESET [cmo] 75bc4284-ca86-4b84-97f7-965206ef4a59.trajectory.jsonl was 3MB -> archived to 75bc4284-ca86-4b84-97f7-965206ef4a59.trajectory.20260603T185613Z.jsonl.gz
[2026-06-03T18:56:39Z] Done reset=1 skipped=0 errors=0
[2026-06-03T21:56:37Z] Done reset=0 skipped=0 errors=0
[2026-06-04T00:55:39Z] RESET [main] ae206472-eb60-4f45-9103-bd5f545a021e.trajectory.jsonl was 4MB -> archived to ae206472-eb60-4f45-9103-bd5f545a021e.trajectory.20260604T005539Z.jsonl.gz
[2026-06-04T00:56:37Z] Done reset=1 skipped=0 errors=0
[2026-06-04T03:56:43Z] Done reset=0 skipped=0 errors=0
[2026-06-04T06:55:59Z] RESET [hr] 96f45bec-0a25-48e9-bc30-c1ccb1df6d5e-topic-9.trajectory.jsonl was 3MB -> archived to 96f45bec-0a25-48e9-bc30-c1ccb1df6d5e-topic-9.trajectory.20260604T065559Z.jsonl.gz
[2026-06-04T06:56:48Z] Done reset=1 skipped=0 errors=0
[2026-06-04T09:56:19Z] RESET [hr] af6e92aa-45f2-40cf-87f5-7b958e7f70ff-topic-9.trajectory.jsonl was 4MB -> archived to af6e92aa-45f2-40cf-87f5-7b958e7f70ff-topic-9.trajectory.20260604T095619Z.jsonl.gz
[2026-06-04T09:57:26Z] Done reset=1 skipped=0 errors=0
[2026-06-04T12:56:53Z] RESET [hr] af6e92aa-45f2-40cf-87f5-7b958e7f70ff-topic-9.trajectory.jsonl was 3MB -> archived to af6e92aa-45f2-40cf-87f5-7b958e7f70ff-topic-9.trajectory.20260604T125653Z.jsonl.gz
[2026-06-04T12:58:07Z] Done reset=1 skipped=0 errors=0
[2026-06-04T15:56:21Z] RESET [hr] af6e92aa-45f2-40cf-87f5-7b958e7f70ff-topic-9.trajectory.jsonl was 3MB -> archived to af6e92aa-45f2-40cf-87f5-7b958e7f70ff-topic-9.trajectory.20260604T155621Z.jsonl.gz
[2026-06-04T15:57:38Z] Done reset=1 skipped=0 errors=0
[2026-06-04T18:56:15Z] RESET [hr] af6e92aa-45f2-40cf-87f5-7b958e7f70ff-topic-9.trajectory.jsonl was 4MB -> archived to af6e92aa-45f2-40cf-87f5-7b958e7f70ff-topic-9.trajectory.20260604T185615Z.jsonl.gz
[2026-06-04T18:57:21Z] Done reset=1 skipped=0 errors=0
[2026-06-04T21:57:17Z] Done reset=0 skipped=0 errors=0
[2026-06-05T00:57:18Z] RESET [hr] af6e92aa-45f2-40cf-87f5-7b958e7f70ff-topic-9.trajectory.jsonl was 5MB -> archived to af6e92aa-45f2-40cf-87f5-7b958e7f70ff-topic-9.trajectory.20260605T005718Z.jsonl.gz
[2026-06-05T00:58:34Z] Done reset=1 skipped=0 errors=0
[2026-06-05T03:56:56Z] Done reset=0 skipped=0 errors=0
[2026-06-05T06:56:51Z] Done reset=0 skipped=0 errors=0
[2026-06-05T09:57:00Z] Done reset=0 skipped=0 errors=0
[2026-06-05T12:55:25Z] RESET [main] 3a43b048-d95a-4125-8e9c-141404fb06ed.trajectory.jsonl was 3MB -> archived to 3a43b048-d95a-4125-8e9c-141404fb06ed.trajectory.20260605T125525Z.jsonl.gz
[2026-06-05T12:56:19Z] RESET [hr] 3871961e-12cf-42d8-ad8d-efbd9c8968f7-topic-9.trajectory.jsonl was 4MB -> archived to 3871961e-12cf-42d8-ad8d-efbd9c8968f7-topic-9.trajectory.20260605T125618Z.jsonl.gz
[2026-06-05T12:56:51Z] RESET [cmo] 8c8688a3-3419-44ac-b3a0-dfc934d4a641-topic-7.trajectory.jsonl was 3MB -> archived to 8c8688a3-3419-44ac-b3a0-dfc934d4a641-topic-7.trajectory.20260605T125651Z.jsonl.gz
[2026-06-05T12:57:25Z] Done reset=3 skipped=0 errors=0
[2026-06-05T15:56:57Z] Done reset=0 skipped=0 errors=0
[2026-06-05T18:55:58Z] RESET [hr] 3871961e-12cf-42d8-ad8d-efbd9c8968f7-topic-9.trajectory.jsonl was 3MB -> archived to 3871961e-12cf-42d8-ad8d-efbd9c8968f7-topic-9.trajectory.20260605T185558Z.jsonl.gz
[2026-06-05T18:56:51Z] Done reset=1 skipped=0 errors=0
[2026-06-05T21:56:52Z] Done reset=0 skipped=0 errors=0
[2026-06-06T00:55:22Z] RESET [main] 3a43b048-d95a-4125-8e9c-141404fb06ed.trajectory.jsonl was 3MB -> archived to 3a43b048-d95a-4125-8e9c-141404fb06ed.trajectory.20260606T005522Z.jsonl.gz
[2026-06-06T00:57:01Z] Done reset=1 skipped=0 errors=0
[2026-06-06T03:56:01Z] RESET [hr] b218403b-a244-4550-b94b-1837415fc72c-topic-9.trajectory.jsonl was 3MB -> archived to b218403b-a244-4550-b94b-1837415fc72c-topic-9.trajectory.20260606T035601Z.jsonl.gz
[2026-06-06T03:56:03Z] RESET [hr] 3871961e-12cf-42d8-ad8d-efbd9c8968f7-topic-9.trajectory.jsonl was 3MB -> archived to 3871961e-12cf-42d8-ad8d-efbd9c8968f7-topic-9.trajectory.20260606T035603Z.jsonl.gz
[2026-06-06T03:56:57Z] Done reset=2 skipped=0 errors=0
[2026-06-06T06:56:45Z] Done reset=0 skipped=0 errors=0
[2026-06-06T09:55:56Z] RESET [hr] 96f45bec-0a25-48e9-bc30-c1ccb1df6d5e-topic-9.trajectory.jsonl was 3MB -> archived to 96f45bec-0a25-48e9-bc30-c1ccb1df6d5e-topic-9.trajectory.20260606T095556Z.jsonl.gz
[2026-06-06T09:56:47Z] Done reset=1 skipped=0 errors=0
[2026-06-06T12:55:55Z] RESET [hr] b218403b-a244-4550-b94b-1837415fc72c-topic-9.trajectory.jsonl was 3MB -> archived to b218403b-a244-4550-b94b-1837415fc72c-topic-9.trajectory.20260606T125555Z.jsonl.gz
[2026-06-06T12:56:05Z] RESET [cto] ed647ccf-d427-4c91-8ada-4c3bb1381057.trajectory.jsonl was 3MB -> archived to ed647ccf-d427-4c91-8ada-4c3bb1381057.trajectory.20260606T125605Z.jsonl.gz
[2026-06-06T12:56:49Z] Done reset=2 skipped=0 errors=0
[2026-06-06T15:56:10Z] RESET [hr] b218403b-a244-4550-b94b-1837415fc72c-topic-9.trajectory.jsonl was 3MB -> archived to b218403b-a244-4550-b94b-1837415fc72c-topic-9.trajectory.20260606T155610Z.jsonl.gz
[2026-06-06T15:57:14Z] Done reset=1 skipped=0 errors=0
[2026-06-06T18:56:49Z] Done reset=0 skipped=0 errors=0
[2026-06-06T21:56:50Z] Done reset=0 skipped=0 errors=0
[2026-06-07T00:55:55Z] RESET [main] 5ff96aa3-6db0-4806-add7-9e4bf4a0c93b.trajectory.jsonl was 3MB -> archived to 5ff96aa3-6db0-4806-add7-9e4bf4a0c93b.trajectory.20260607T005555Z.jsonl.gz
[2026-06-07T00:57:14Z] Done reset=1 skipped=0 errors=0
[2026-06-07T03:56:54Z] Done reset=0 skipped=0 errors=0
[2026-06-07T06:55:39Z] RESET [main] e074d320-3e1a-466a-b091-f5b054c0fcb1.trajectory.jsonl was 3MB -> archived to e074d320-3e1a-466a-b091-f5b054c0fcb1.trajectory.20260607T065539Z.jsonl.gz
[2026-06-07T06:56:20Z] RESET [cmo] 75bc4284-ca86-4b84-97f7-965206ef4a59.trajectory.jsonl was 3MB -> archived to 75bc4284-ca86-4b84-97f7-965206ef4a59.trajectory.20260607T065620Z.jsonl.gz
[2026-06-07T06:56:50Z] Done reset=2 skipped=0 errors=0
[2026-06-07T09:56:47Z] Done reset=0 skipped=0 errors=0
[2026-06-07T12:56:53Z] Done reset=0 skipped=0 errors=0
[2026-06-07T15:55:51Z] RESET [main] e074d320-3e1a-466a-b091-f5b054c0fcb1.trajectory.jsonl was 3MB -> archived to e074d320-3e1a-466a-b091-f5b054c0fcb1.trajectory.20260607T155551Z.jsonl.gz
[2026-06-07T15:57:02Z] Done reset=1 skipped=0 errors=0
[2026-06-07T18:55:40Z] RESET [main] e074d320-3e1a-466a-b091-f5b054c0fcb1.trajectory.jsonl was 3MB -> archived to e074d320-3e1a-466a-b091-f5b054c0fcb1.trajectory.20260607T185540Z.jsonl.gz
[2026-06-07T18:55:57Z] RESET [hr] 96f45bec-0a25-48e9-bc30-c1ccb1df6d5e-topic-9.trajectory.jsonl was 3MB -> archived to 96f45bec-0a25-48e9-bc30-c1ccb1df6d5e-topic-9.trajectory.20260607T185557Z.jsonl.gz
[2026-06-07T18:56:53Z] Done reset=2 skipped=0 errors=0
[2026-06-07T21:56:53Z] Done reset=0 skipped=0 errors=0
[2026-06-08T00:58:06Z] Done reset=0 skipped=0 errors=0
[2026-06-08T03:57:14Z] Done reset=0 skipped=0 errors=0
[2026-06-08T06:56:58Z] Done reset=0 skipped=0 errors=0
[2026-06-08T09:56:17Z] RESET [hr] 1673065d-7b09-4591-9254-a89860432a7a-topic-9.trajectory.jsonl was 3MB -> archived to 1673065d-7b09-4591-9254-a89860432a7a-topic-9.trajectory.20260608T095617Z.jsonl.gz
[2026-06-08T09:57:23Z] Done reset=1 skipped=0 errors=0
[2026-06-08T12:56:07Z] RESET [hr] 1673065d-7b09-4591-9254-a89860432a7a-topic-9.trajectory.jsonl was 3MB -> archived to 1673065d-7b09-4591-9254-a89860432a7a-topic-9.trajectory.20260608T125607Z.jsonl.gz
[2026-06-08T12:57:08Z] Done reset=1 skipped=0 errors=0
[2026-06-08T15:56:56Z] Done reset=0 skipped=0 errors=0
[2026-06-08T18:56:59Z] Done reset=0 skipped=0 errors=0
[2026-06-08T21:57:00Z] Done reset=0 skipped=0 errors=0
[2026-06-09T00:56:53Z] Done reset=0 skipped=0 errors=0
[2026-06-09T03:56:56Z] Done reset=0 skipped=0 errors=0
[2026-06-09T06:57:07Z] Done reset=0 skipped=0 errors=0
[2026-06-09T09:57:12Z] Done reset=0 skipped=0 errors=0
[2026-06-09T12:57:07Z] Done reset=0 skipped=0 errors=0
[2026-06-09T15:57:13Z] Done reset=0 skipped=0 errors=0
[2026-06-09T18:55:58Z] RESET [hr] 96f45bec-0a25-48e9-bc30-c1ccb1df6d5e-topic-9.trajectory.jsonl was 3MB -> archived to 96f45bec-0a25-48e9-bc30-c1ccb1df6d5e-topic-9.trajectory.20260609T185558Z.jsonl.gz
[2026-06-09T18:56:25Z] RESET [cmo] 6c5a45f4-c4d2-4e16-8124-28d6f734714f.trajectory.jsonl was 3MB -> archived to 6c5a45f4-c4d2-4e16-8124-28d6f734714f.trajectory.20260609T185625Z.jsonl.gz
[2026-06-09T18:56:55Z] Done reset=2 skipped=0 errors=0
[2026-06-09T21:57:01Z] Done reset=0 skipped=0 errors=0
[2026-06-10T00:56:52Z] Done reset=0 skipped=0 errors=0
[2026-06-10T03:57:02Z] Done reset=0 skipped=0 errors=0
[2026-06-10T09:21:24Z] Done reset=0 skipped=0 errors=0
[2026-06-10T09:57:42Z] Done reset=0 skipped=0 errors=0
[2026-06-10T10:01:28Z] Done reset=0 skipped=0 errors=0
[2026-06-10T10:04:14Z] Done reset=0 skipped=0 errors=0
[2026-06-10T11:02:46Z] Done reset=0 skipped=0 errors=0
[2026-06-10T12:56:05Z] RESET [hr] b19c4f21-cb46-43cc-972c-15d334a99ebd-topic-9.trajectory.jsonl was 3MB -> archived to b19c4f21-cb46-43cc-972c-15d334a99ebd-topic-9.trajectory.20260610T125605Z.jsonl.gz
[2026-06-10T12:57:07Z] Done reset=1 skipped=0 errors=0
[2026-06-10T15:57:03Z] Done reset=0 skipped=0 errors=0
[2026-06-10T18:57:18Z] Done reset=0 skipped=0 errors=0
[2026-06-10T21:55:46Z] RESET [main] a31c8d6d-2f1b-45aa-83cc-f0c53f23d3bc.trajectory.jsonl was 3MB -> archived to a31c8d6d-2f1b-45aa-83cc-f0c53f23d3bc.trajectory.20260610T215546Z.jsonl.gz
[2026-06-10T21:57:01Z] Done reset=1 skipped=0 errors=0
[2026-06-11T00:57:05Z] Done reset=0 skipped=0 errors=0
[2026-06-11T03:57:10Z] Done reset=0 skipped=0 errors=0
[2026-06-11T06:56:16Z] RESET [cto] 0200e279-ed05-47b8-9f20-0af634489dc6.trajectory.jsonl was 3MB -> archived to 0200e279-ed05-47b8-9f20-0af634489dc6.trajectory.20260611T065616Z.jsonl.gz
[2026-06-11T06:57:09Z] Done reset=1 skipped=0 errors=0
[2026-06-11T09:57:04Z] Done reset=0 skipped=0 errors=0
[2026-06-11T12:56:57Z] Done reset=0 skipped=0 errors=0
[2026-06-11T15:57:07Z] Done reset=0 skipped=0 errors=0
[2026-06-11T18:57:03Z] Done reset=0 skipped=0 errors=0
[2026-06-11T21:57:00Z] Done reset=0 skipped=0 errors=0
[2026-06-12T00:57:01Z] Done reset=0 skipped=0 errors=0
[2026-06-12T03:57:07Z] Done reset=0 skipped=0 errors=0
[2026-06-12T06:56:02Z] RESET [hr] 56b78f88-83d0-4e4e-ba52-fad50a04fdd9-topic-9.trajectory.jsonl was 3MB -> archived to 56b78f88-83d0-4e4e-ba52-fad50a04fdd9-topic-9.trajectory.20260612T065602Z.jsonl.gz
[2026-06-12T06:57:01Z] Done reset=1 skipped=0 errors=0
[2026-06-12T09:57:01Z] Done reset=0 skipped=0 errors=0
[2026-06-12T12:56:36Z] RESET [cmo] 6c5a45f4-c4d2-4e16-8124-28d6f734714f.trajectory.jsonl was 3MB -> archived to 6c5a45f4-c4d2-4e16-8124-28d6f734714f.trajectory.20260612T125635Z.jsonl.gz
[2026-06-12T12:57:07Z] Done reset=1 skipped=0 errors=0
[2026-06-12T15:57:04Z] Done reset=0 skipped=0 errors=0
[2026-06-12T20:32:24Z] RESET [hr] a84d7bab-16ff-4b1f-944c-5b7a70345c7a-topic-9.trajectory.jsonl was 3MB -> archived to a84d7bab-16ff-4b1f-944c-5b7a70345c7a-topic-9.trajectory.20260612T203224Z.jsonl.gz
[2026-06-12T20:34:05Z] Done reset=1 skipped=0 errors=0
[2026-06-12T21:57:10Z] Done reset=0 skipped=0 errors=0
[2026-06-12T23:11:42Z] Done reset=0 skipped=0 errors=0
[2026-06-13T00:56:57Z] Done reset=0 skipped=0 errors=0
[2026-06-13T03:57:01Z] Done reset=0 skipped=0 errors=0
[2026-06-13T06:57:48Z] Done reset=0 skipped=0 errors=0
[2026-06-13T09:57:03Z] Done reset=0 skipped=0 errors=0
[2026-06-13T12:57:16Z] Done reset=0 skipped=0 errors=0
[2026-06-13T15:57:05Z] Done reset=0 skipped=0 errors=0
[2026-06-13T18:57:01Z] Done reset=0 skipped=0 errors=0
[2026-06-13T21:56:55Z] Done reset=0 skipped=0 errors=0
[2026-06-14T00:57:22Z] Done reset=0 skipped=0 errors=0
[2026-06-14T03:57:05Z] Done reset=0 skipped=0 errors=0
[2026-06-14T06:56:03Z] RESET [hr] 56b78f88-83d0-4e4e-ba52-fad50a04fdd9-topic-9.trajectory.jsonl was 3MB -> archived to 56b78f88-83d0-4e4e-ba52-fad50a04fdd9-topic-9.trajectory.20260614T065603Z.jsonl.gz
[2026-06-14T06:57:06Z] Done reset=1 skipped=0 errors=0
[2026-06-14T09:56:07Z] Done reset=0 skipped=0 errors=0
[2026-06-14T12:56:05Z] Done reset=0 skipped=0 errors=0
[2026-06-14T15:55:56Z] RESET [cmo] 6c5a45f4-c4d2-4e16-8124-28d6f734714f.trajectory.jsonl was 3MB -> archived to 6c5a45f4-c4d2-4e16-8124-28d6f734714f.trajectory.20260614T155556Z.jsonl.gz
[2026-06-14T15:56:11Z] Done reset=1 skipped=0 errors=0
[2026-06-14T18:56:42Z] Done reset=0 skipped=0 errors=0
[2026-06-14T21:56:13Z] Done reset=0 skipped=0 errors=0
[2026-06-15T00:56:01Z] Done reset=0 skipped=0 errors=0
[2026-06-15T03:56:16Z] Done reset=0 skipped=0 errors=0
[2026-06-15T06:56:09Z] Done reset=0 skipped=0 errors=0
[2026-06-15T09:56:15Z] Done reset=0 skipped=0 errors=0
[2026-06-15T12:56:14Z] Done reset=0 skipped=0 errors=0
[2026-06-15T15:56:07Z] Done reset=0 skipped=0 errors=0
[2026-06-15T18:56:13Z] Done reset=0 skipped=0 errors=0
[2026-06-15T21:56:07Z] Done reset=0 skipped=0 errors=0
[2026-06-16T00:56:10Z] Done reset=0 skipped=0 errors=0
[2026-06-16T03:56:09Z] Done reset=0 skipped=0 errors=0
[2026-06-16T06:55:39Z] RESET [hr] 56b78f88-83d0-4e4e-ba52-fad50a04fdd9-topic-9.trajectory.jsonl was 3MB -> archived to 56b78f88-83d0-4e4e-ba52-fad50a04fdd9-topic-9.trajectory.20260616T065539Z.jsonl.gz
[2026-06-16T06:56:11Z] Done reset=1 skipped=0 errors=0
[2026-06-16T09:56:10Z] Done reset=0 skipped=0 errors=0
[2026-06-16T12:56:36Z] Done reset=0 skipped=0 errors=0
[2026-06-16T15:56:01Z] RESET [cmo] ad4446c4-04da-4817-b9b9-a01a5b62cd14.trajectory.jsonl was 3MB -> archived to ad4446c4-04da-4817-b9b9-a01a5b62cd14.trajectory.20260616T155601Z.jsonl.gz
[2026-06-16T15:56:17Z] Done reset=1 skipped=0 errors=0
[2026-06-16T18:55:42Z] RESET [cto] e21a4ef6-7589-40bb-b283-3c6bdb1e9122.trajectory.jsonl was 3MB -> archived to e21a4ef6-7589-40bb-b283-3c6bdb1e9122.trajectory.20260616T185542Z.jsonl.gz
[2026-06-16T18:56:12Z] Done reset=1 skipped=0 errors=0
[2026-06-16T21:56:34Z] Done reset=0 skipped=0 errors=0
[2026-06-17T00:55:37Z] RESET [hr] 3cf1d9a9-3fd8-42f1-8e0a-6349f2cebaf2-topic-9.trajectory.jsonl was 3MB -> archived to 3cf1d9a9-3fd8-42f1-8e0a-6349f2cebaf2-topic-9.trajectory.20260617T005537Z.jsonl.gz
[2026-06-17T00:56:09Z] Done reset=1 skipped=0 errors=0
[2026-06-17T03:56:14Z] Done reset=0 skipped=0 errors=0
[2026-06-17T06:56:22Z] Done reset=0 skipped=0 errors=0
[2026-06-17T09:57:08Z] Done reset=0 skipped=0 errors=0
[2026-06-17T12:57:35Z] Done reset=0 skipped=0 errors=0
[2026-06-17T15:56:35Z] Done reset=0 skipped=0 errors=0
[2026-06-17T18:56:26Z] Done reset=0 skipped=0 errors=0
[2026-06-17T21:55:49Z] RESET [main] ffcf8f2d-8c6f-4a6f-8815-91833bd098d9.trajectory.jsonl was 3MB -> archived to ffcf8f2d-8c6f-4a6f-8815-91833bd098d9.trajectory.20260617T215549Z.jsonl.gz
[2026-06-17T21:56:27Z] Done reset=1 skipped=0 errors=0
[2026-06-18T00:56:15Z] Done reset=0 skipped=0 errors=0
[2026-06-18T03:56:24Z] Done reset=0 skipped=0 errors=0
[2026-06-18T06:55:53Z] RESET [hr] 56b78f88-83d0-4e4e-ba52-fad50a04fdd9-topic-9.trajectory.jsonl was 3MB -> archived to 56b78f88-83d0-4e4e-ba52-fad50a04fdd9-topic-9.trajectory.20260618T065553Z.jsonl.gz
[2026-06-18T06:56:27Z] Done reset=1 skipped=0 errors=0
[2026-06-18T09:55:45Z] RESET [hr] 9169526f-57f6-4aa7-a03d-b08100d4ec8e-topic-9.trajectory.jsonl was 3MB -> archived to 9169526f-57f6-4aa7-a03d-b08100d4ec8e-topic-9.trajectory.20260618T095545Z.jsonl.gz
[2026-06-18T09:56:19Z] Done reset=1 skipped=0 errors=0
[2026-06-18T12:56:23Z] Done reset=0 skipped=0 errors=0
[2026-06-18T15:56:28Z] Done reset=0 skipped=0 errors=0
[2026-06-18T18:55:49Z] RESET [hr] 9169526f-57f6-4aa7-a03d-b08100d4ec8e-topic-9.trajectory.jsonl was 3MB -> archived to 9169526f-57f6-4aa7-a03d-b08100d4ec8e-topic-9.trajectory.20260618T185549Z.jsonl.gz
[2026-06-18T18:56:23Z] Done reset=1 skipped=0 errors=0
[2026-06-18T21:56:39Z] Done reset=0 skipped=0 errors=0
[2026-06-19T00:56:47Z] Done reset=0 skipped=0 errors=0
[2026-06-19T03:56:24Z] Done reset=0 skipped=0 errors=0
[2026-06-19T06:56:03Z] RESET [cmo] ad4446c4-04da-4817-b9b9-a01a5b62cd14.trajectory.jsonl was 3MB -> archived to ad4446c4-04da-4817-b9b9-a01a5b62cd14.trajectory.20260619T065603Z.jsonl.gz
[2026-06-19T06:56:19Z] Done reset=1 skipped=0 errors=0
[2026-06-19T09:56:27Z] Done reset=0 skipped=0 errors=0
[2026-06-19T12:56:24Z] Done reset=0 skipped=0 errors=0
[2026-06-19T15:55:53Z] RESET [cto] 6b459392-31b2-4277-8d55-a64de85ebbc8.trajectory.jsonl was 3MB -> archived to 6b459392-31b2-4277-8d55-a64de85ebbc8.trajectory.20260619T155553Z.jsonl.gz
[2026-06-19T15:56:17Z] Done reset=1 skipped=0 errors=0
[2026-06-19T18:56:24Z] Done reset=0 skipped=0 errors=0
[2026-06-19T21:56:20Z] Done reset=0 skipped=0 errors=0
[2026-06-20T00:56:19Z] Done reset=0 skipped=0 errors=0
[2026-06-20T03:56:21Z] Done reset=0 skipped=0 errors=0
[2026-06-20T06:55:44Z] RESET [hr] 56b78f88-83d0-4e4e-ba52-fad50a04fdd9-topic-9.trajectory.jsonl was 3MB -> archived to 56b78f88-83d0-4e4e-ba52-fad50a04fdd9-topic-9.trajectory.20260620T065544Z.jsonl.gz
[2026-06-20T06:56:12Z] Done reset=1 skipped=0 errors=0
[2026-06-20T09:56:17Z] Done reset=0 skipped=0 errors=0
[2026-06-20T12:56:15Z] Done reset=0 skipped=0 errors=0
[2026-06-20T15:56:25Z] Done reset=0 skipped=0 errors=0
[2026-06-20T18:56:17Z] Done reset=0 skipped=0 errors=0
[2026-06-20T21:56:18Z] Done reset=0 skipped=0 errors=0
[2026-06-21T00:56:33Z] Done reset=0 skipped=0 errors=0
[2026-06-21T03:56:22Z] Done reset=0 skipped=0 errors=0
[2026-06-21T06:56:21Z] Done reset=0 skipped=0 errors=0
[2026-06-21T09:56:24Z] Done reset=0 skipped=0 errors=0
[2026-06-21T12:56:27Z] Done reset=0 skipped=0 errors=0
[2026-06-21T15:56:16Z] RESET [cmo] ad4446c4-04da-4817-b9b9-a01a5b62cd14.trajectory.jsonl was 3MB -> archived to ad4446c4-04da-4817-b9b9-a01a5b62cd14.trajectory.20260621T155616Z.jsonl.gz
[2026-06-21T15:56:32Z] Done reset=1 skipped=0 errors=0
[2026-06-21T18:55:20Z] RESET [main] 290d046f-fc4c-47a2-9c34-36d87e8beee4.trajectory.jsonl was 4MB -> archived to 290d046f-fc4c-47a2-9c34-36d87e8beee4.trajectory.20260621T185520Z.jsonl.gz
[2026-06-21T18:56:30Z] Done reset=1 skipped=0 errors=0
[2026-06-21T21:56:22Z] Done reset=0 skipped=0 errors=0
[2026-06-22T00:56:13Z] Done reset=0 skipped=0 errors=0
[2026-06-22T03:56:19Z] Done reset=0 skipped=0 errors=0
[2026-06-22T06:55:52Z] RESET [hr] 56b78f88-83d0-4e4e-ba52-fad50a04fdd9-topic-9.trajectory.jsonl was 3MB -> archived to 56b78f88-83d0-4e4e-ba52-fad50a04fdd9-topic-9.trajectory.20260622T065552Z.jsonl.gz
[2026-06-22T06:56:25Z] Done reset=1 skipped=0 errors=0
[2026-06-22T09:56:34Z] Done reset=0 skipped=0 errors=0
[2026-06-22T12:56:41Z] Done reset=0 skipped=0 errors=0
[2026-06-22T15:55:41Z] RESET [main] 5ffb781b-dc6f-41c3-a903-7a6219f50cf8.trajectory.jsonl was 3MB -> archived to 5ffb781b-dc6f-41c3-a903-7a6219f50cf8.trajectory.20260622T155541Z.jsonl.gz
[2026-06-22T15:56:06Z] RESET [cto] e348334f-fd29-47e0-9d27-f77bfc167d4d.trajectory.jsonl was 3MB -> archived to e348334f-fd29-47e0-9d27-f77bfc167d4d.trajectory.20260622T155606Z.jsonl.gz
[2026-06-22T15:56:31Z] Done reset=2 skipped=0 errors=0
[2026-06-22T18:56:24Z] Done reset=0 skipped=0 errors=0
[2026-06-22T21:56:21Z] Done reset=0 skipped=0 errors=0
[2026-06-23T00:56:13Z] Done reset=0 skipped=0 errors=0
[2026-06-23T03:56:18Z] Done reset=0 skipped=0 errors=0
[2026-06-23T06:57:10Z] Done reset=0 skipped=0 errors=0
[2026-06-23T09:56:34Z] Done reset=0 skipped=0 errors=0
[2026-06-23T12:56:34Z] RESET [hr] 3fe2edca-924f-4fd9-87b7-5b403abc0337-topic-9.trajectory.jsonl was 3MB -> archived to 3fe2edca-924f-4fd9-87b7-5b403abc0337-topic-9.trajectory.20260623T125634Z.jsonl.gz
[2026-06-23T12:57:32Z] Done reset=1 skipped=0 errors=0
[2026-06-23T15:56:29Z] RESET [hr] 56b78f88-83d0-4e4e-ba52-fad50a04fdd9-topic-9.trajectory.jsonl was 3MB -> archived to 56b78f88-83d0-4e4e-ba52-fad50a04fdd9-topic-9.trajectory.20260623T155629Z.jsonl.gz
[2026-06-23T15:57:15Z] Done reset=1 skipped=0 errors=0
[2026-06-23T18:56:41Z] Done reset=0 skipped=0 errors=0
[2026-06-23T21:56:35Z] Done reset=0 skipped=0 errors=0
[2026-06-24T00:56:28Z] Done reset=0 skipped=0 errors=0
[2026-06-24T03:56:29Z] Done reset=0 skipped=0 errors=0
[2026-06-24T06:56:37Z] Done reset=0 skipped=0 errors=0
[2026-06-24T12:55:20Z] RESET [main] b3734e80-a4a5-4be2-95de-e27dbe019644.trajectory.jsonl was 3MB -> archived to b3734e80-a4a5-4be2-95de-e27dbe019644.trajectory.20260624T125520Z.jsonl.gz
[2026-06-24T12:56:41Z] Done reset=1 skipped=0 errors=0
[2026-06-24T15:56:24Z] RESET [cmo] ad4446c4-04da-4817-b9b9-a01a5b62cd14.trajectory.jsonl was 3MB -> archived to ad4446c4-04da-4817-b9b9-a01a5b62cd14.trajectory.20260624T155624Z.jsonl.gz
[2026-06-24T15:56:39Z] Done reset=1 skipped=0 errors=0
[2026-06-24T18:55:14Z] RESET [main] b3734e80-a4a5-4be2-95de-e27dbe019644.trajectory.jsonl was 3MB -> archived to b3734e80-a4a5-4be2-95de-e27dbe019644.trajectory.20260624T185514Z.jsonl.gz
[2026-06-24T18:57:09Z] RESET [cmo] e4d3cbde-74e1-4692-90c2-6cebd0b205b9-topic-7.trajectory.jsonl was 4MB -> archived to e4d3cbde-74e1-4692-90c2-6cebd0b205b9-topic-7.trajectory.20260624T185709Z.jsonl.gz
[2026-06-24T18:57:30Z] Done reset=2 skipped=0 errors=0
[2026-06-24T21:56:05Z] RESET [hr] 0d4b71cb-20ba-41fa-b8a3-2266ba4b2927-topic-9.trajectory.jsonl was 3MB -> archived to 0d4b71cb-20ba-41fa-b8a3-2266ba4b2927-topic-9.trajectory.20260624T215604Z.jsonl.gz
[2026-06-24T21:56:39Z] Done reset=1 skipped=0 errors=0
[2026-06-25T00:56:29Z] Done reset=0 skipped=0 errors=0
[2026-06-25T03:56:24Z] Done reset=0 skipped=0 errors=0
[2026-06-25T06:57:47Z] Done reset=0 skipped=0 errors=0
[2026-06-25T09:55:28Z] RESET [main] b3ff8458-44cd-419f-b1d0-2786114019ec.trajectory.jsonl was 4MB -> archived to b3ff8458-44cd-419f-b1d0-2786114019ec.trajectory.20260625T095528Z.jsonl.gz
[2026-06-25T09:56:10Z] RESET [cto] e348334f-fd29-47e0-9d27-f77bfc167d4d.trajectory.jsonl was 3MB -> archived to e348334f-fd29-47e0-9d27-f77bfc167d4d.trajectory.20260625T095609Z.jsonl.gz
[2026-06-25T09:56:13Z] RESET [cmo] fcea43bd-df99-41ae-bd6b-7cdd1334da8a-topic-7.trajectory.jsonl was 3MB -> archived to fcea43bd-df99-41ae-bd6b-7cdd1334da8a-topic-7.trajectory.20260625T095613Z.jsonl.gz
[2026-06-25T09:56:32Z] Done reset=3 skipped=0 errors=0
[2026-06-25T12:55:58Z] RESET [hr] 56b78f88-83d0-4e4e-ba52-fad50a04fdd9-topic-9.trajectory.jsonl was 3MB -> archived to 56b78f88-83d0-4e4e-ba52-fad50a04fdd9-topic-9.trajectory.20260625T125557Z.jsonl.gz
[2026-06-25T12:56:33Z] Done reset=1 skipped=0 errors=0
[2026-06-25T15:56:30Z] Done reset=0 skipped=0 errors=0
[2026-06-25T18:56:28Z] Done reset=0 skipped=0 errors=0
[2026-06-25T21:56:26Z] Done reset=0 skipped=0 errors=0
[2026-06-26T00:56:22Z] Done reset=0 skipped=0 errors=0
[2026-06-26T03:56:18Z] Done reset=0 skipped=0 errors=0
[2026-06-26T06:56:33Z] Done reset=0 skipped=0 errors=0
[2026-06-26T09:56:24Z] Done reset=0 skipped=0 errors=0
[2026-06-26T12:55:38Z] RESET [main] 30f8d197-85cd-4778-bf2c-a090f8fbae6f.trajectory.jsonl was 3MB -> archived to 30f8d197-85cd-4778-bf2c-a090f8fbae6f.trajectory.20260626T125538Z.jsonl.gz
[2026-06-26T12:56:28Z] Done reset=1 skipped=0 errors=0
[2026-06-26T15:56:47Z] Done reset=0 skipped=0 errors=0
[2026-06-26T18:56:22Z] Done reset=0 skipped=0 errors=0
[2026-06-26T21:56:21Z] Done reset=0 skipped=0 errors=0
[2026-06-27T00:56:19Z] Done reset=0 skipped=0 errors=0
[2026-06-27T03:56:21Z] Done reset=0 skipped=0 errors=0
[2026-06-27T06:56:12Z] RESET [cmo] ad4446c4-04da-4817-b9b9-a01a5b62cd14.trajectory.jsonl was 3MB -> archived to ad4446c4-04da-4817-b9b9-a01a5b62cd14.trajectory.20260627T065611Z.jsonl.gz
[2026-06-27T06:56:24Z] Done reset=1 skipped=0 errors=0
[2026-06-27T09:56:22Z] Done reset=0 skipped=0 errors=0
[2026-06-27T12:55:53Z] RESET [hr] 56b78f88-83d0-4e4e-ba52-fad50a04fdd9-topic-9.trajectory.jsonl was 3MB -> archived to 56b78f88-83d0-4e4e-ba52-fad50a04fdd9-topic-9.trajectory.20260627T125553Z.jsonl.gz
[2026-06-27T12:56:24Z] Done reset=1 skipped=0 errors=0
[2026-06-27T15:56:53Z] Done reset=0 skipped=0 errors=0
[2026-06-27T18:56:22Z] Done reset=0 skipped=0 errors=0
[2026-06-27T21:56:22Z] Done reset=0 skipped=0 errors=0
[2026-06-28T00:56:18Z] Done reset=0 skipped=0 errors=0
[2026-06-28T03:56:19Z] Done reset=0 skipped=0 errors=0
[2026-06-28T06:56:24Z] Done reset=0 skipped=0 errors=0
[2026-06-28T09:56:23Z] Done reset=0 skipped=0 errors=0
[2026-06-28T12:56:27Z] Done reset=0 skipped=0 errors=0
[2026-06-28T15:56:27Z] Done reset=0 skipped=0 errors=0
[2026-06-28T18:56:21Z] Done reset=0 skipped=0 errors=0
[2026-06-28T21:56:34Z] Done reset=0 skipped=0 errors=0
[2026-06-29T00:56:18Z] Done reset=0 skipped=0 errors=0
[2026-06-29T03:56:22Z] Done reset=0 skipped=0 errors=0
[2026-06-29T06:55:54Z] RESET [cto] 1fc8df5b-0a55-4915-bdcf-1308206e74a3-topic-8.trajectory.jsonl was 3MB -> archived to 1fc8df5b-0a55-4915-bdcf-1308206e74a3-topic-8.trajectory.20260629T065553Z.jsonl.gz
[2026-06-29T06:56:24Z] Done reset=1 skipped=0 errors=0
[2026-06-29T09:56:25Z] Done reset=0 skipped=0 errors=0
[2026-06-29T12:55:56Z] RESET [hr] 56b78f88-83d0-4e4e-ba52-fad50a04fdd9-topic-9.trajectory.jsonl was 3MB -> archived to 56b78f88-83d0-4e4e-ba52-fad50a04fdd9-topic-9.trajectory.20260629T125555Z.jsonl.gz
[2026-06-29T12:56:14Z] RESET [cmo] ad4446c4-04da-4817-b9b9-a01a5b62cd14.trajectory.jsonl was 3MB -> archived to ad4446c4-04da-4817-b9b9-a01a5b62cd14.trajectory.20260629T125614Z.jsonl.gz
[2026-06-29T12:56:28Z] Done reset=2 skipped=0 errors=0
[2026-06-29T15:56:27Z] Done reset=0 skipped=0 errors=0
[2026-06-29T18:56:25Z] Done reset=0 skipped=0 errors=0
[2026-06-29T21:56:27Z] Done reset=0 skipped=0 errors=0
[2026-06-30T00:56:18Z] Done reset=0 skipped=0 errors=0
[2026-06-30T03:56:24Z] Done reset=0 skipped=0 errors=0
[2026-06-30T06:56:33Z] Done reset=0 skipped=0 errors=0
[2026-06-30T09:56:24Z] Done reset=0 skipped=0 errors=0
[2026-06-30T12:56:24Z] Done reset=0 skipped=0 errors=0
[2026-06-30T15:56:26Z] Done reset=0 skipped=0 errors=0
[2026-06-30T18:56:21Z] Done reset=0 skipped=0 errors=0
[2026-06-30T21:56:25Z] Done reset=0 skipped=0 errors=0
[2026-07-01T00:56:19Z] Done reset=0 skipped=0 errors=0
[2026-07-01T03:56:20Z] Done reset=0 skipped=0 errors=0
[2026-07-01T06:56:31Z] Done reset=0 skipped=0 errors=0
[2026-07-01T09:56:29Z] Done reset=0 skipped=0 errors=0
[2026-07-01T12:56:26Z] Done reset=0 skipped=0 errors=0
[2026-07-01T15:55:52Z] RESET [hr] 56b78f88-83d0-4e4e-ba52-fad50a04fdd9-topic-9.trajectory.jsonl was 3MB -> archived to 56b78f88-83d0-4e4e-ba52-fad50a04fdd9-topic-9.trajectory.20260701T155552Z.jsonl.gz
[2026-07-01T15:56:12Z] RESET [cmo] ad4446c4-04da-4817-b9b9-a01a5b62cd14.trajectory.jsonl was 3MB -> archived to ad4446c4-04da-4817-b9b9-a01a5b62cd14.trajectory.20260701T155612Z.jsonl.gz
[2026-07-01T15:56:26Z] Done reset=2 skipped=0 errors=0
[2026-07-01T18:56:25Z] Done reset=0 skipped=0 errors=0
[2026-07-01T21:55:42Z] RESET [main] d9031213-3794-43a0-a595-689a4204fa03.trajectory.jsonl was 3MB -> archived to d9031213-3794-43a0-a595-689a4204fa03.trajectory.20260701T215542Z.jsonl.gz
[2026-07-01T21:56:44Z] Done reset=1 skipped=0 errors=0
[2026-07-02T00:56:15Z] Done reset=0 skipped=0 errors=0
[2026-07-02T03:56:23Z] Done reset=0 skipped=0 errors=0
[2026-07-02T06:55:49Z] RESET [cto] 1fc8df5b-0a55-4915-bdcf-1308206e74a3-topic-8.trajectory.jsonl was 3MB -> archived to 1fc8df5b-0a55-4915-bdcf-1308206e74a3-topic-8.trajectory.20260702T065549Z.jsonl.gz
[2026-07-02T06:56:19Z] Done reset=1 skipped=0 errors=0
[2026-07-02T09:56:22Z] Done reset=0 skipped=0 errors=0
[2026-07-02T12:56:28Z] Done reset=0 skipped=0 errors=0
[2026-07-02T15:56:04Z] RESET [cmo] b5fc9057-88f8-4737-9376-ea7195b8e0ba-topic-7.trajectory.jsonl was 3MB -> archived to b5fc9057-88f8-4737-9376-ea7195b8e0ba-topic-7.trajectory.20260702T155604Z.jsonl.gz
[2026-07-02T15:56:20Z] Done reset=1 skipped=0 errors=0
[2026-07-02T18:56:19Z] Done reset=0 skipped=0 errors=0
[2026-07-02T21:56:17Z] Done reset=0 skipped=0 errors=0
[2026-07-03T00:56:12Z] Done reset=0 skipped=0 errors=0
[2026-07-03T03:56:15Z] Done reset=0 skipped=0 errors=0
[2026-07-03T06:56:22Z] Done reset=0 skipped=0 errors=0
[2026-07-03T09:56:16Z] Done reset=0 skipped=0 errors=0
[2026-07-03T12:55:54Z] RESET [hr] 56b78f88-83d0-4e4e-ba52-fad50a04fdd9-topic-9.trajectory.jsonl was 3MB -> archived to 56b78f88-83d0-4e4e-ba52-fad50a04fdd9-topic-9.trajectory.20260703T125554Z.jsonl.gz
[2026-07-03T12:56:25Z] Done reset=1 skipped=0 errors=0
[2026-07-03T15:56:19Z] Done reset=0 skipped=0 errors=0
[2026-07-03T18:56:17Z] Done reset=0 skipped=0 errors=0
[2026-07-03T21:56:16Z] Done reset=0 skipped=0 errors=0
[2026-07-04T00:56:08Z] Done reset=0 skipped=0 errors=0
[2026-07-04T03:56:13Z] Done reset=0 skipped=0 errors=0
